Archive member included to satisfy reference by file (symbol)

C:/Users/10434/AppData/Roaming/xPacks/@xpack-dev-tools/arm-none-eabi-gcc/13.2.1-1.1.1/.content/bin/../lib/gcc/arm-none-eabi/13.2.1/thumb/v6-m/nofp\libgcc.a(_udivsi3.o)
                              ./boot/reset_hdr.o (__aeabi_uidiv)
C:/Users/10434/AppData/Roaming/xPacks/@xpack-dev-tools/arm-none-eabi-gcc/13.2.1-1.1.1/.content/bin/../lib/gcc/arm-none-eabi/13.2.1/thumb/v6-m/nofp\libgcc.a(_dvmd_tls.o)
                              C:/Users/10434/AppData/Roaming/xPacks/@xpack-dev-tools/arm-none-eabi-gcc/13.2.1-1.1.1/.content/bin/../lib/gcc/arm-none-eabi/13.2.1/thumb/v6-m/nofp\libgcc.a(_udivsi3.o) (__aeabi_idiv0)
C:/Users/10434/AppData/Roaming/xPacks/@xpack-dev-tools/arm-none-eabi-gcc/13.2.1-1.1.1/.content/bin/../lib/gcc/arm-none-eabi/13.2.1/thumb/v6-m/nofp\libgcc.a(_aeabi_uldivmod.o)
                              ./boot/reset_hdr.o (__aeabi_uldivmod)
C:/Users/10434/AppData/Roaming/xPacks/@xpack-dev-tools/arm-none-eabi-gcc/13.2.1-1.1.1/.content/bin/../lib/gcc/arm-none-eabi/13.2.1/thumb/v6-m/nofp\libgcc.a(_udivmoddi4.o)
                              C:/Users/10434/AppData/Roaming/xPacks/@xpack-dev-tools/arm-none-eabi-gcc/13.2.1-1.1.1/.content/bin/../lib/gcc/arm-none-eabi/13.2.1/thumb/v6-m/nofp\libgcc.a(_aeabi_uldivmod.o) (__udivmoddi4)
C:/Users/10434/AppData/Roaming/xPacks/@xpack-dev-tools/arm-none-eabi-gcc/13.2.1-1.1.1/.content/bin/../lib/gcc/arm-none-eabi/13.2.1/thumb/v6-m/nofp\libgcc.a(_clzdi2.o)
                              C:/Users/10434/AppData/Roaming/xPacks/@xpack-dev-tools/arm-none-eabi-gcc/13.2.1-1.1.1/.content/bin/../lib/gcc/arm-none-eabi/13.2.1/thumb/v6-m/nofp\libgcc.a(_udivmoddi4.o) (__clzdi2)
C:/Users/10434/AppData/Roaming/xPacks/@xpack-dev-tools/arm-none-eabi-gcc/13.2.1-1.1.1/.content/bin/../lib/gcc/arm-none-eabi/13.2.1/thumb/v6-m/nofp\libgcc.a(_clzsi2.o)
                              C:/Users/10434/AppData/Roaming/xPacks/@xpack-dev-tools/arm-none-eabi-gcc/13.2.1-1.1.1/.content/bin/../lib/gcc/arm-none-eabi/13.2.1/thumb/v6-m/nofp\libgcc.a(_clzdi2.o) (__clzsi2)

Discarded input sections

 .group         0x00000000        0xc ./kernel/context.o
 .group         0x00000000        0xc ./kernel/context.o
 .group         0x00000000        0xc ./kernel/context.o
 .group         0x00000000        0xc ./kernel/context.o
 .group         0x00000000        0xc ./kernel/context.o
 .group         0x00000000        0xc ./kernel/context.o
 .group         0x00000000        0xc ./kernel/context.o
 .group         0x00000000        0xc ./kernel/context.o
 .group         0x00000000        0xc ./kernel/context.o
 .group         0x00000000        0xc ./kernel/context.o
 .group         0x00000000        0xc ./kernel/context.o
 .text          0x00000000        0x0 ./kernel/context.o
 .data          0x00000000        0x0 ./kernel/context.o
 .bss           0x00000000        0x0 ./kernel/context.o
 .data          0x00000000        0x0 ./kernel/dispatch.o
 .bss           0x00000000        0x0 ./kernel/dispatch.o
 .group         0x00000000        0xc ./kernel/syslib.o
 .group         0x00000000        0xc ./kernel/syslib.o
 .group         0x00000000        0xc ./kernel/syslib.o
 .group         0x00000000        0xc ./kernel/syslib.o
 .group         0x00000000        0xc ./kernel/syslib.o
 .group         0x00000000        0xc ./kernel/syslib.o
 .group         0x00000000        0xc ./kernel/syslib.o
 .group         0x00000000        0xc ./kernel/syslib.o
 .group         0x00000000        0xc ./kernel/syslib.o
 .group         0x00000000        0xc ./kernel/syslib.o
 .group         0x00000000        0xc ./kernel/syslib.o
 .text          0x00000000        0x0 ./kernel/syslib.o
 .data          0x00000000        0x0 ./kernel/syslib.o
 .bss           0x00000000        0x0 ./kernel/syslib.o
 .text.in_w     0x00000000       0x14 ./kernel/syslib.o
 .text.out_w    0x00000000       0x18 ./kernel/syslib.o
 .text.tm_com_init
                0x00000000       0x48 ./kernel/syslib.o
 .text.tm_putstring
                0x00000000       0x58 ./kernel/syslib.o
 .debug_info    0x00000000      0x160 ./kernel/syslib.o
 .debug_abbrev  0x00000000       0xf7 ./kernel/syslib.o
 .debug_aranges
                0x00000000       0x38 ./kernel/syslib.o
 .debug_rnglists
                0x00000000       0x25 ./kernel/syslib.o
 .debug_macro   0x00000000       0x95 ./kernel/syslib.o
 .debug_macro   0x00000000      0xa90 ./kernel/syslib.o
 .debug_macro   0x00000000       0x22 ./kernel/syslib.o
 .debug_macro   0x00000000       0x56 ./kernel/syslib.o
 .debug_macro   0x00000000       0x51 ./kernel/syslib.o
 .debug_macro   0x00000000      0x103 ./kernel/syslib.o
 .debug_macro   0x00000000       0x6a ./kernel/syslib.o
 .debug_macro   0x00000000      0x1df ./kernel/syslib.o
 .debug_macro   0x00000000       0x16 ./kernel/syslib.o
 .debug_macro   0x00000000      0x2f9 ./kernel/syslib.o
 .debug_macro   0x00000000       0x28 ./kernel/syslib.o
 .debug_macro   0x00000000       0x16 ./kernel/syslib.o
 .debug_line    0x00000000      0x379 ./kernel/syslib.o
 .debug_str     0x00000000     0x47dc ./kernel/syslib.o
 .comment       0x00000000       0x3a ./kernel/syslib.o
 .debug_frame   0x00000000       0x8c ./kernel/syslib.o
 .ARM.attributes
                0x00000000       0x2c ./kernel/syslib.o
 .group         0x00000000        0xc ./boot/boot2.o
 .text          0x00000000        0x0 ./boot/boot2.o
 .data          0x00000000        0x0 ./boot/boot2.o
 .bss           0x00000000        0x0 ./boot/boot2.o
 .debug_macro   0x00000000      0xa90 ./boot/boot2.o
 .group         0x00000000        0xc ./boot/reset_hdr.o
 .group         0x00000000        0xc ./boot/reset_hdr.o
 .group         0x00000000        0xc ./boot/reset_hdr.o
 .group         0x00000000        0xc ./boot/reset_hdr.o
 .group         0x00000000        0xc ./boot/reset_hdr.o
 .group         0x00000000        0xc ./boot/reset_hdr.o
 .group         0x00000000        0xc ./boot/reset_hdr.o
 .group         0x00000000        0xc ./boot/reset_hdr.o
 .group         0x00000000        0xc ./boot/reset_hdr.o
 .group         0x00000000        0xc ./boot/reset_hdr.o
 .group         0x00000000        0xc ./boot/reset_hdr.o
 .text          0x00000000        0x0 ./boot/reset_hdr.o
 .data          0x00000000        0x0 ./boot/reset_hdr.o
 .bss           0x00000000        0x0 ./boot/reset_hdr.o
 .debug_macro   0x00000000      0xa90 ./boot/reset_hdr.o
 .debug_macro   0x00000000       0x22 ./boot/reset_hdr.o
 .debug_macro   0x00000000       0x56 ./boot/reset_hdr.o
 .debug_macro   0x00000000       0x51 ./boot/reset_hdr.o
 .debug_macro   0x00000000      0x103 ./boot/reset_hdr.o
 .debug_macro   0x00000000       0x6a ./boot/reset_hdr.o
 .debug_macro   0x00000000      0x1df ./boot/reset_hdr.o
 .debug_macro   0x00000000       0x16 ./boot/reset_hdr.o
 .debug_macro   0x00000000      0x2f9 ./boot/reset_hdr.o
 .debug_macro   0x00000000       0x28 ./boot/reset_hdr.o
 .debug_macro   0x00000000       0x16 ./boot/reset_hdr.o
 .group         0x00000000        0xc ./boot/vector_tbl.o
 .group         0x00000000        0xc ./boot/vector_tbl.o
 .group         0x00000000        0xc ./boot/vector_tbl.o
 .group         0x00000000        0xc ./boot/vector_tbl.o
 .group         0x00000000        0xc ./boot/vector_tbl.o
 .group         0x00000000        0xc ./boot/vector_tbl.o
 .group         0x00000000        0xc ./boot/vector_tbl.o
 .group         0x00000000        0xc ./boot/vector_tbl.o
 .group         0x00000000        0xc ./boot/vector_tbl.o
 .group         0x00000000        0xc ./boot/vector_tbl.o
 .group         0x00000000        0xc ./boot/vector_tbl.o
 .text          0x00000000        0x0 ./boot/vector_tbl.o
 .data          0x00000000        0x0 ./boot/vector_tbl.o
 .bss           0x00000000        0x0 ./boot/vector_tbl.o
 .debug_macro   0x00000000      0xa90 ./boot/vector_tbl.o
 .debug_macro   0x00000000       0x22 ./boot/vector_tbl.o
 .debug_macro   0x00000000       0x56 ./boot/vector_tbl.o
 .debug_macro   0x00000000       0x51 ./boot/vector_tbl.o
 .debug_macro   0x00000000      0x103 ./boot/vector_tbl.o
 .debug_macro   0x00000000       0x6a ./boot/vector_tbl.o
 .debug_macro   0x00000000      0x1df ./boot/vector_tbl.o
 .debug_macro   0x00000000       0x16 ./boot/vector_tbl.o
 .debug_macro   0x00000000      0x2f9 ./boot/vector_tbl.o
 .debug_macro   0x00000000       0x28 ./boot/vector_tbl.o
 .debug_macro   0x00000000       0x16 ./boot/vector_tbl.o
 .group         0x00000000        0xc ./application/main.o
 .group         0x00000000        0xc ./application/main.o
 .group         0x00000000        0xc ./application/main.o
 .group         0x00000000        0xc ./application/main.o
 .group         0x00000000        0xc ./application/main.o
 .group         0x00000000        0xc ./application/main.o
 .group         0x00000000        0xc ./application/main.o
 .group         0x00000000        0xc ./application/main.o
 .group         0x00000000        0xc ./application/main.o
 .group         0x00000000        0xc ./application/main.o
 .group         0x00000000        0xc ./application/main.o
 .text          0x00000000        0x0 ./application/main.o
 .data          0x00000000        0x0 ./application/main.o
 .bss           0x00000000        0x0 ./application/main.o
 .debug_macro   0x00000000      0xa90 ./application/main.o
 .debug_macro   0x00000000       0x22 ./application/main.o
 .debug_macro   0x00000000       0x56 ./application/main.o
 .debug_macro   0x00000000       0x51 ./application/main.o
 .debug_macro   0x00000000      0x103 ./application/main.o
 .debug_macro   0x00000000       0x6a ./application/main.o
 .debug_macro   0x00000000      0x1df ./application/main.o
 .debug_macro   0x00000000       0x16 ./application/main.o
 .debug_macro   0x00000000      0x2f9 ./application/main.o
 .debug_macro   0x00000000       0x28 ./application/main.o
 .debug_macro   0x00000000       0x16 ./application/main.o
 .data          0x00000000        0x0 C:/Users/10434/AppData/Roaming/xPacks/@xpack-dev-tools/arm-none-eabi-gcc/13.2.1-1.1.1/.content/bin/../lib/gcc/arm-none-eabi/13.2.1/thumb/v6-m/nofp\libgcc.a(_udivsi3.o)
 .bss           0x00000000        0x0 C:/Users/10434/AppData/Roaming/xPacks/@xpack-dev-tools/arm-none-eabi-gcc/13.2.1-1.1.1/.content/bin/../lib/gcc/arm-none-eabi/13.2.1/thumb/v6-m/nofp\libgcc.a(_udivsi3.o)
 .data          0x00000000        0x0 C:/Users/10434/AppData/Roaming/xPacks/@xpack-dev-tools/arm-none-eabi-gcc/13.2.1-1.1.1/.content/bin/../lib/gcc/arm-none-eabi/13.2.1/thumb/v6-m/nofp\libgcc.a(_dvmd_tls.o)
 .bss           0x00000000        0x0 C:/Users/10434/AppData/Roaming/xPacks/@xpack-dev-tools/arm-none-eabi-gcc/13.2.1-1.1.1/.content/bin/../lib/gcc/arm-none-eabi/13.2.1/thumb/v6-m/nofp\libgcc.a(_dvmd_tls.o)
 .data          0x00000000        0x0 C:/Users/10434/AppData/Roaming/xPacks/@xpack-dev-tools/arm-none-eabi-gcc/13.2.1-1.1.1/.content/bin/../lib/gcc/arm-none-eabi/13.2.1/thumb/v6-m/nofp\libgcc.a(_aeabi_uldivmod.o)
 .bss           0x00000000        0x0 C:/Users/10434/AppData/Roaming/xPacks/@xpack-dev-tools/arm-none-eabi-gcc/13.2.1-1.1.1/.content/bin/../lib/gcc/arm-none-eabi/13.2.1/thumb/v6-m/nofp\libgcc.a(_aeabi_uldivmod.o)
 .text          0x00000000        0x0 C:/Users/10434/AppData/Roaming/xPacks/@xpack-dev-tools/arm-none-eabi-gcc/13.2.1-1.1.1/.content/bin/../lib/gcc/arm-none-eabi/13.2.1/thumb/v6-m/nofp\libgcc.a(_udivmoddi4.o)
 .data          0x00000000        0x0 C:/Users/10434/AppData/Roaming/xPacks/@xpack-dev-tools/arm-none-eabi-gcc/13.2.1-1.1.1/.content/bin/../lib/gcc/arm-none-eabi/13.2.1/thumb/v6-m/nofp\libgcc.a(_udivmoddi4.o)
 .bss           0x00000000        0x0 C:/Users/10434/AppData/Roaming/xPacks/@xpack-dev-tools/arm-none-eabi-gcc/13.2.1-1.1.1/.content/bin/../lib/gcc/arm-none-eabi/13.2.1/thumb/v6-m/nofp\libgcc.a(_udivmoddi4.o)
 .ARM.extab.text.__udivmoddi4
                0x00000000        0x0 C:/Users/10434/AppData/Roaming/xPacks/@xpack-dev-tools/arm-none-eabi-gcc/13.2.1-1.1.1/.content/bin/../lib/gcc/arm-none-eabi/13.2.1/thumb/v6-m/nofp\libgcc.a(_udivmoddi4.o)
 .data          0x00000000        0x0 C:/Users/10434/AppData/Roaming/xPacks/@xpack-dev-tools/arm-none-eabi-gcc/13.2.1-1.1.1/.content/bin/../lib/gcc/arm-none-eabi/13.2.1/thumb/v6-m/nofp\libgcc.a(_clzdi2.o)
 .bss           0x00000000        0x0 C:/Users/10434/AppData/Roaming/xPacks/@xpack-dev-tools/arm-none-eabi-gcc/13.2.1-1.1.1/.content/bin/../lib/gcc/arm-none-eabi/13.2.1/thumb/v6-m/nofp\libgcc.a(_clzdi2.o)
 .data          0x00000000        0x0 C:/Users/10434/AppData/Roaming/xPacks/@xpack-dev-tools/arm-none-eabi-gcc/13.2.1-1.1.1/.content/bin/../lib/gcc/arm-none-eabi/13.2.1/thumb/v6-m/nofp\libgcc.a(_clzsi2.o)
 .bss           0x00000000        0x0 C:/Users/10434/AppData/Roaming/xPacks/@xpack-dev-tools/arm-none-eabi-gcc/13.2.1-1.1.1/.content/bin/../lib/gcc/arm-none-eabi/13.2.1/thumb/v6-m/nofp\libgcc.a(_clzsi2.o)

Memory Configuration

Name             Origin             Length             Attributes
ROM              0x10000000         0x00200000         xr
RAM              0x20000000         0x00040000         xrw
*default*        0x00000000         0xffffffff

Linker script and memory map

LOAD ./kernel/context.o
LOAD ./kernel/dispatch.o
LOAD ./kernel/syslib.o
LOAD ./boot/boot2.o
LOAD ./boot/reset_hdr.o
LOAD ./boot/vector_tbl.o
LOAD ./application/main.o
START GROUP
LOAD C:/Users/10434/AppData/Roaming/xPacks/@xpack-dev-tools/arm-none-eabi-gcc/13.2.1-1.1.1/.content/bin/../lib/gcc/arm-none-eabi/13.2.1/thumb/v6-m/nofp\libgcc.a
LOAD C:/Users/10434/AppData/Roaming/xPacks/@xpack-dev-tools/arm-none-eabi-gcc/13.2.1-1.1.1/.content/bin/../lib/gcc/arm-none-eabi/13.2.1/../../../../arm-none-eabi/lib/thumb/v6-m/nofp\libg.a
LOAD C:/Users/10434/AppData/Roaming/xPacks/@xpack-dev-tools/arm-none-eabi-gcc/13.2.1-1.1.1/.content/bin/../lib/gcc/arm-none-eabi/13.2.1/../../../../arm-none-eabi/lib/thumb/v6-m/nofp\libc.a
END GROUP

boot2           0x10000000      0x100
                0x10000000                        __boot2_start__ = .
 *(.boot2)
 .boot2         0x10000000      0x100 ./boot/boot2.o
                0x10000000                boot2
                0x10000100                        __boot2_end__ = .
                0x00000001                        ASSERT (((__boot2_end__ - __boot2_start__) == 0x100), ERROR: Pico second stage bootloader must be 256 bytes in size)

.text           0x10000100      0xc18
                0x10000100                        __vector_org = .
 *(.vector)
 .vector        0x10000100       0xbc ./boot/vector_tbl.o
                0x10000100                vector_tbl
 *(EXCLUDE_FILE(*libm.a: *libc.a:*lib_a-mem*.o *libgcc.a:) .text*)
 .text.make_context
                0x100001bc       0x38 ./kernel/context.o
                0x100001bc                make_context
 .text          0x100001f4       0x4c ./kernel/dispatch.o
                0x100001f4                dispatch_entry
 .text.in_w     0x10000240       0x14 ./boot/reset_hdr.o
 .text.out_w    0x10000254       0x18 ./boot/reset_hdr.o
 .text.clr_w    0x1000026c       0x20 ./boot/reset_hdr.o
 .text.set_w    0x1000028c       0x20 ./boot/reset_hdr.o
 .text.set_primask
                0x100002ac       0x16 ./boot/reset_hdr.o
 .text.get_primask
                0x100002c2       0x16 ./boot/reset_hdr.o
 .text.init_pll
                0x100002d8       0xd0 ./boot/reset_hdr.o
 .text.clock_config
                0x100003a8       0xd0 ./boot/reset_hdr.o
 .text.init_clock
                0x10000478      0x244 ./boot/reset_hdr.o
 .text.init_peri
                0x100006bc       0xd4 ./boot/reset_hdr.o
 .text.init_section
                0x10000790       0x6c ./boot/reset_hdr.o
 .text.init_systim
                0x100007fc       0x48 ./boot/reset_hdr.o
 .text.Reset_Handler
                0x10000844       0x44 ./boot/reset_hdr.o
                0x10000844                Reset_Handler
 .text.Default_Handler
                0x10000888        0x6 ./boot/vector_tbl.o
                0x10000888                Default_Handler
 .text.in_w     0x1000088e       0x14 ./application/main.o
 .text.out_w    0x100008a2       0x18 ./application/main.o
 *fill*         0x100008ba        0x2 
 .text.dispatch
                0x100008bc       0x1c ./application/main.o
 .text.delay_ms
                0x100008d8       0x44 ./application/main.o
 .text.task_1   0x1000091c       0x30 ./application/main.o
                0x1000091c                task_1
 .text.task_2   0x1000094c       0x30 ./application/main.o
                0x1000094c                task_2
 .text.main     0x1000097c       0x58 ./application/main.o
                0x1000097c                main
                0x100009d4                        __start = .
 *(.text)
 .text          0x100009d4      0x114 C:/Users/10434/AppData/Roaming/xPacks/@xpack-dev-tools/arm-none-eabi-gcc/13.2.1-1.1.1/.content/bin/../lib/gcc/arm-none-eabi/13.2.1/thumb/v6-m/nofp\libgcc.a(_udivsi3.o)
                0x100009d4                __aeabi_uidiv
                0x100009d4                __udivsi3
                0x10000ae0                __aeabi_uidivmod
 .text          0x10000ae8        0x4 C:/Users/10434/AppData/Roaming/xPacks/@xpack-dev-tools/arm-none-eabi-gcc/13.2.1-1.1.1/.content/bin/../lib/gcc/arm-none-eabi/13.2.1/thumb/v6-m/nofp\libgcc.a(_dvmd_tls.o)
                0x10000ae8                __aeabi_idiv0
                0x10000ae8                __aeabi_ldiv0
 .text          0x10000aec       0x40 C:/Users/10434/AppData/Roaming/xPacks/@xpack-dev-tools/arm-none-eabi-gcc/13.2.1-1.1.1/.content/bin/../lib/gcc/arm-none-eabi/13.2.1/thumb/v6-m/nofp\libgcc.a(_aeabi_uldivmod.o)
                0x10000aec                __aeabi_uldivmod
 .text          0x10000b2c       0x18 C:/Users/10434/AppData/Roaming/xPacks/@xpack-dev-tools/arm-none-eabi-gcc/13.2.1-1.1.1/.content/bin/../lib/gcc/arm-none-eabi/13.2.1/thumb/v6-m/nofp\libgcc.a(_clzdi2.o)
                0x10000b2c                __clzdi2
 .text          0x10000b44       0x3c C:/Users/10434/AppData/Roaming/xPacks/@xpack-dev-tools/arm-none-eabi-gcc/13.2.1-1.1.1/.content/bin/../lib/gcc/arm-none-eabi/13.2.1/thumb/v6-m/nofp\libgcc.a(_clzsi2.o)
                0x10000b44                __clzsi2
 *(.text.*)
 .text.__udivmoddi4
                0x10000b80      0x198 C:/Users/10434/AppData/Roaming/xPacks/@xpack-dev-tools/arm-none-eabi-gcc/13.2.1-1.1.1/.content/bin/../lib/gcc/arm-none-eabi/13.2.1/thumb/v6-m/nofp\libgcc.a(_udivmoddi4.o)
                0x10000b80                __udivmoddi4
 *(.rodata)
 *(.rodata.*)

.glue_7         0x10000d18        0x0
 .glue_7        0x10000d18        0x0 linker stubs

.glue_7t        0x10000d18        0x0
 .glue_7t       0x10000d18        0x0 linker stubs

.vfp11_veneer   0x10000d18        0x0
 .vfp11_veneer  0x10000d18        0x0 linker stubs

.v4_bx          0x10000d18        0x0
 .v4_bx         0x10000d18        0x0 linker stubs

.iplt           0x10000d18        0x0
 .iplt          0x10000d18        0x0 ./kernel/dispatch.o

.ARM.extab
 *(.ARM.extab* .gnu.linkonce.armextab.*)
                0x10000d18                        __exidx_start = .

.ARM.exidx      0x10000d18        0x8
 *(.ARM.exidx* .gnu.linkonce.armexidx.*)
 .ARM.exidx.text.__udivmoddi4
                0x10000d18        0x8 C:/Users/10434/AppData/Roaming/xPacks/@xpack-dev-tools/arm-none-eabi-gcc/13.2.1-1.1.1/.content/bin/../lib/gcc/arm-none-eabi/13.2.1/thumb/v6-m/nofp\libgcc.a(_udivmoddi4.o)
                0x10000d20                        __exidx_end = .
                0x10000d20                        __data_org = .

.rel.dyn        0x10000d20        0x0
 .rel.iplt      0x10000d20        0x0 ./kernel/dispatch.o

.data           0x20000000        0x0 load address 0x10000d20
                0x20000000                        __data_start = .
 *(.data)
 *(.data.*)
                0x20000000                        . = ALIGN (0x4)
                0x20000000                        __data_end = .

.igot.plt       0x20000000        0x0
 .igot.plt      0x20000000        0x0 ./kernel/dispatch.o

.bss            0x20000000      0x810
                0x20000000                        __bss_start = .
 *(.bss)
 *(.bss.*)
 .bss.cur_task  0x20000000        0x4 ./application/main.o
                0x20000000                cur_task
 .bss.next_task
                0x20000004        0x4 ./application/main.o
                0x20000004                next_task
 .bss.ctx_tbl   0x20000008        0x8 ./application/main.o
                0x20000008                ctx_tbl
 .bss.stack_1   0x20000010      0x400 ./application/main.o
                0x20000010                stack_1
 .bss.stack_2   0x20000410      0x400 ./application/main.o
                0x20000410                stack_2
 *(COMMON)
                0x20000810                        . = ALIGN (0x4)
                0x20000810                        __bss_end = .
                0x20000810                        __end = .
OUTPUT(TryKernel.elf elf32-littlearm)
LOAD linker stubs

.debug_info     0x00000000      0xd97
 .debug_info    0x00000000      0x17d ./kernel/context.o
 .debug_info    0x0000017d       0x24 ./kernel/dispatch.o
 .debug_info    0x000001a1       0x5d ./boot/boot2.o
 .debug_info    0x000001fe      0x3f4 ./boot/reset_hdr.o
 .debug_info    0x000005f2       0xc8 ./boot/vector_tbl.o
 .debug_info    0x000006ba      0x22c ./application/main.o
 .debug_info    0x000008e6       0x3e C:/Users/10434/AppData/Roaming/xPacks/@xpack-dev-tools/arm-none-eabi-gcc/13.2.1-1.1.1/.content/bin/../lib/gcc/arm-none-eabi/13.2.1/thumb/v6-m/nofp\libgcc.a(_udivsi3.o)
 .debug_info    0x00000924       0x3c C:/Users/10434/AppData/Roaming/xPacks/@xpack-dev-tools/arm-none-eabi-gcc/13.2.1-1.1.1/.content/bin/../lib/gcc/arm-none-eabi/13.2.1/thumb/v6-m/nofp\libgcc.a(_dvmd_tls.o)
 .debug_info    0x00000960       0x31 C:/Users/10434/AppData/Roaming/xPacks/@xpack-dev-tools/arm-none-eabi-gcc/13.2.1-1.1.1/.content/bin/../lib/gcc/arm-none-eabi/13.2.1/thumb/v6-m/nofp\libgcc.a(_aeabi_uldivmod.o)
 .debug_info    0x00000991      0x3b1 C:/Users/10434/AppData/Roaming/xPacks/@xpack-dev-tools/arm-none-eabi-gcc/13.2.1-1.1.1/.content/bin/../lib/gcc/arm-none-eabi/13.2.1/thumb/v6-m/nofp\libgcc.a(_udivmoddi4.o)
 .debug_info    0x00000d42       0x24 C:/Users/10434/AppData/Roaming/xPacks/@xpack-dev-tools/arm-none-eabi-gcc/13.2.1-1.1.1/.content/bin/../lib/gcc/arm-none-eabi/13.2.1/thumb/v6-m/nofp\libgcc.a(_clzdi2.o)
 .debug_info    0x00000d66       0x31 C:/Users/10434/AppData/Roaming/xPacks/@xpack-dev-tools/arm-none-eabi-gcc/13.2.1-1.1.1/.content/bin/../lib/gcc/arm-none-eabi/13.2.1/thumb/v6-m/nofp\libgcc.a(_clzsi2.o)

.debug_abbrev   0x00000000      0x6b4
 .debug_abbrev  0x00000000       0xfe ./kernel/context.o
 .debug_abbrev  0x000000fe       0x14 ./kernel/dispatch.o
 .debug_abbrev  0x00000112       0x49 ./boot/boot2.o
 .debug_abbrev  0x0000015b      0x16d ./boot/reset_hdr.o
 .debug_abbrev  0x000002c8       0x9b ./boot/vector_tbl.o
 .debug_abbrev  0x00000363      0x17f ./application/main.o
 .debug_abbrev  0x000004e2       0x28 C:/Users/10434/AppData/Roaming/xPacks/@xpack-dev-tools/arm-none-eabi-gcc/13.2.1-1.1.1/.content/bin/../lib/gcc/arm-none-eabi/13.2.1/thumb/v6-m/nofp\libgcc.a(_udivsi3.o)
 .debug_abbrev  0x0000050a       0x26 C:/Users/10434/AppData/Roaming/xPacks/@xpack-dev-tools/arm-none-eabi-gcc/13.2.1-1.1.1/.content/bin/../lib/gcc/arm-none-eabi/13.2.1/thumb/v6-m/nofp\libgcc.a(_dvmd_tls.o)
 .debug_abbrev  0x00000530       0x28 C:/Users/10434/AppData/Roaming/xPacks/@xpack-dev-tools/arm-none-eabi-gcc/13.2.1-1.1.1/.content/bin/../lib/gcc/arm-none-eabi/13.2.1/thumb/v6-m/nofp\libgcc.a(_aeabi_uldivmod.o)
 .debug_abbrev  0x00000558      0x120 C:/Users/10434/AppData/Roaming/xPacks/@xpack-dev-tools/arm-none-eabi-gcc/13.2.1-1.1.1/.content/bin/../lib/gcc/arm-none-eabi/13.2.1/thumb/v6-m/nofp\libgcc.a(_udivmoddi4.o)
 .debug_abbrev  0x00000678       0x14 C:/Users/10434/AppData/Roaming/xPacks/@xpack-dev-tools/arm-none-eabi-gcc/13.2.1-1.1.1/.content/bin/../lib/gcc/arm-none-eabi/13.2.1/thumb/v6-m/nofp\libgcc.a(_clzdi2.o)
 .debug_abbrev  0x0000068c       0x28 C:/Users/10434/AppData/Roaming/xPacks/@xpack-dev-tools/arm-none-eabi-gcc/13.2.1-1.1.1/.content/bin/../lib/gcc/arm-none-eabi/13.2.1/thumb/v6-m/nofp\libgcc.a(_clzsi2.o)

.debug_aranges  0x00000000      0x208
 .debug_aranges
                0x00000000       0x20 ./kernel/context.o
 .debug_aranges
                0x00000020       0x20 ./kernel/dispatch.o
 .debug_aranges
                0x00000040       0x18 ./boot/boot2.o
 .debug_aranges
                0x00000058       0x80 ./boot/reset_hdr.o
 .debug_aranges
                0x000000d8       0x20 ./boot/vector_tbl.o
 .debug_aranges
                0x000000f8       0x50 ./application/main.o
 .debug_aranges
                0x00000148       0x20 C:/Users/10434/AppData/Roaming/xPacks/@xpack-dev-tools/arm-none-eabi-gcc/13.2.1-1.1.1/.content/bin/../lib/gcc/arm-none-eabi/13.2.1/thumb/v6-m/nofp\libgcc.a(_udivsi3.o)
 .debug_aranges
                0x00000168       0x20 C:/Users/10434/AppData/Roaming/xPacks/@xpack-dev-tools/arm-none-eabi-gcc/13.2.1-1.1.1/.content/bin/../lib/gcc/arm-none-eabi/13.2.1/thumb/v6-m/nofp\libgcc.a(_dvmd_tls.o)
 .debug_aranges
                0x00000188       0x20 C:/Users/10434/AppData/Roaming/xPacks/@xpack-dev-tools/arm-none-eabi-gcc/13.2.1-1.1.1/.content/bin/../lib/gcc/arm-none-eabi/13.2.1/thumb/v6-m/nofp\libgcc.a(_aeabi_uldivmod.o)
 .debug_aranges
                0x000001a8       0x20 C:/Users/10434/AppData/Roaming/xPacks/@xpack-dev-tools/arm-none-eabi-gcc/13.2.1-1.1.1/.content/bin/../lib/gcc/arm-none-eabi/13.2.1/thumb/v6-m/nofp\libgcc.a(_udivmoddi4.o)
 .debug_aranges
                0x000001c8       0x20 C:/Users/10434/AppData/Roaming/xPacks/@xpack-dev-tools/arm-none-eabi-gcc/13.2.1-1.1.1/.content/bin/../lib/gcc/arm-none-eabi/13.2.1/thumb/v6-m/nofp\libgcc.a(_clzdi2.o)
 .debug_aranges
                0x000001e8       0x20 C:/Users/10434/AppData/Roaming/xPacks/@xpack-dev-tools/arm-none-eabi-gcc/13.2.1-1.1.1/.content/bin/../lib/gcc/arm-none-eabi/13.2.1/thumb/v6-m/nofp\libgcc.a(_clzsi2.o)

.debug_rnglists
                0x00000000       0xd0
 .debug_rnglists
                0x00000000       0x13 ./kernel/context.o
 .debug_rnglists
                0x00000013       0x5f ./boot/reset_hdr.o
 .debug_rnglists
                0x00000072       0x13 ./boot/vector_tbl.o
 .debug_rnglists
                0x00000085       0x37 ./application/main.o
 .debug_rnglists
                0x000000bc       0x14 C:/Users/10434/AppData/Roaming/xPacks/@xpack-dev-tools/arm-none-eabi-gcc/13.2.1-1.1.1/.content/bin/../lib/gcc/arm-none-eabi/13.2.1/thumb/v6-m/nofp\libgcc.a(_udivmoddi4.o)

.debug_macro    0x00000000     0x144d
 .debug_macro   0x00000000       0x8d ./kernel/context.o
 .debug_macro   0x0000008d      0xa90 ./kernel/context.o
 .debug_macro   0x00000b1d       0x22 ./kernel/context.o
 .debug_macro   0x00000b3f       0x56 ./kernel/context.o
 .debug_macro   0x00000b95       0x51 ./kernel/context.o
 .debug_macro   0x00000be6      0x103 ./kernel/context.o
 .debug_macro   0x00000ce9       0x6a ./kernel/context.o
 .debug_macro   0x00000d53      0x1df ./kernel/context.o
 .debug_macro   0x00000f32       0x16 ./kernel/context.o
 .debug_macro   0x00000f48      0x2f9 ./kernel/context.o
 .debug_macro   0x00001241       0x28 ./kernel/context.o
 .debug_macro   0x00001269       0x16 ./kernel/context.o
 .debug_macro   0x0000127f       0x11 ./boot/boot2.o
 .debug_macro   0x00001290       0x93 ./boot/reset_hdr.o
 .debug_macro   0x00001323       0x8d ./boot/vector_tbl.o
 .debug_macro   0x000013b0       0x9d ./application/main.o

.debug_line     0x00000000     0x143e
 .debug_line    0x00000000      0x304 ./kernel/context.o
 .debug_line    0x00000304       0x6c ./kernel/dispatch.o
 .debug_line    0x00000370       0x30 ./boot/boot2.o
 .debug_line    0x000003a0      0x63a ./boot/reset_hdr.o
 .debug_line    0x000009da      0x2ec ./boot/vector_tbl.o
 .debug_line    0x00000cc6      0x3d9 ./application/main.o
 .debug_line    0x0000109f       0x56 C:/Users/10434/AppData/Roaming/xPacks/@xpack-dev-tools/arm-none-eabi-gcc/13.2.1-1.1.1/.content/bin/../lib/gcc/arm-none-eabi/13.2.1/thumb/v6-m/nofp\libgcc.a(_udivsi3.o)
 .debug_line    0x000010f5       0x4a C:/Users/10434/AppData/Roaming/xPacks/@xpack-dev-tools/arm-none-eabi-gcc/13.2.1-1.1.1/.content/bin/../lib/gcc/arm-none-eabi/13.2.1/thumb/v6-m/nofp\libgcc.a(_dvmd_tls.o)
 .debug_line    0x0000113f       0x55 C:/Users/10434/AppData/Roaming/xPacks/@xpack-dev-tools/arm-none-eabi-gcc/13.2.1-1.1.1/.content/bin/../lib/gcc/arm-none-eabi/13.2.1/thumb/v6-m/nofp\libgcc.a(_aeabi_uldivmod.o)
 .debug_line    0x00001194      0x1f8 C:/Users/10434/AppData/Roaming/xPacks/@xpack-dev-tools/arm-none-eabi-gcc/13.2.1-1.1.1/.content/bin/../lib/gcc/arm-none-eabi/13.2.1/thumb/v6-m/nofp\libgcc.a(_udivmoddi4.o)
 .debug_line    0x0000138c       0x54 C:/Users/10434/AppData/Roaming/xPacks/@xpack-dev-tools/arm-none-eabi-gcc/13.2.1-1.1.1/.content/bin/../lib/gcc/arm-none-eabi/13.2.1/thumb/v6-m/nofp\libgcc.a(_clzdi2.o)
 .debug_line    0x000013e0       0x5e C:/Users/10434/AppData/Roaming/xPacks/@xpack-dev-tools/arm-none-eabi-gcc/13.2.1-1.1.1/.content/bin/../lib/gcc/arm-none-eabi/13.2.1/thumb/v6-m/nofp\libgcc.a(_clzsi2.o)

.debug_str      0x00000000     0x5063
 .debug_str     0x00000000     0x5063 ./kernel/context.o
                               0x47d7 (size before relaxing)
 .debug_str     0x00005063       0x3b ./kernel/dispatch.o
 .debug_str     0x00005063     0x2d2c ./boot/boot2.o
 .debug_str     0x00005063     0x4926 ./boot/reset_hdr.o
 .debug_str     0x00005063     0x47d4 ./boot/vector_tbl.o
 .debug_str     0x00005063     0x4840 ./application/main.o
 .debug_str     0x00005063      0x13b C:/Users/10434/AppData/Roaming/xPacks/@xpack-dev-tools/arm-none-eabi-gcc/13.2.1-1.1.1/.content/bin/../lib/gcc/arm-none-eabi/13.2.1/thumb/v6-m/nofp\libgcc.a(_udivsi3.o)
 .debug_str     0x00005063      0x13c C:/Users/10434/AppData/Roaming/xPacks/@xpack-dev-tools/arm-none-eabi-gcc/13.2.1-1.1.1/.content/bin/../lib/gcc/arm-none-eabi/13.2.1/thumb/v6-m/nofp\libgcc.a(_dvmd_tls.o)
 .debug_str     0x00005063      0x131 C:/Users/10434/AppData/Roaming/xPacks/@xpack-dev-tools/arm-none-eabi-gcc/13.2.1-1.1.1/.content/bin/../lib/gcc/arm-none-eabi/13.2.1/thumb/v6-m/nofp\libgcc.a(_aeabi_uldivmod.o)
 .debug_str     0x00005063      0x6f4 C:/Users/10434/AppData/Roaming/xPacks/@xpack-dev-tools/arm-none-eabi-gcc/13.2.1-1.1.1/.content/bin/../lib/gcc/arm-none-eabi/13.2.1/thumb/v6-m/nofp\libgcc.a(_udivmoddi4.o)
 .debug_str     0x00005063      0x120 C:/Users/10434/AppData/Roaming/xPacks/@xpack-dev-tools/arm-none-eabi-gcc/13.2.1-1.1.1/.content/bin/../lib/gcc/arm-none-eabi/13.2.1/thumb/v6-m/nofp\libgcc.a(_clzdi2.o)
 .debug_str     0x00005063      0x129 C:/Users/10434/AppData/Roaming/xPacks/@xpack-dev-tools/arm-none-eabi-gcc/13.2.1-1.1.1/.content/bin/../lib/gcc/arm-none-eabi/13.2.1/thumb/v6-m/nofp\libgcc.a(_clzsi2.o)

.comment        0x00000000       0x39
 .comment       0x00000000       0x39 ./kernel/context.o
                                 0x3a (size before relaxing)
 .comment       0x00000039       0x3a ./boot/boot2.o
 .comment       0x00000039       0x3a ./boot/reset_hdr.o
 .comment       0x00000039       0x3a ./boot/vector_tbl.o
 .comment       0x00000039       0x3a ./application/main.o
 .comment       0x00000039       0x3a C:/Users/10434/AppData/Roaming/xPacks/@xpack-dev-tools/arm-none-eabi-gcc/13.2.1-1.1.1/.content/bin/../lib/gcc/arm-none-eabi/13.2.1/thumb/v6-m/nofp\libgcc.a(_udivmoddi4.o)

.ARM.attributes
                0x00000000       0x2a
 .ARM.attributes
                0x00000000       0x2c ./kernel/context.o
 .ARM.attributes
                0x0000002c       0x1c ./kernel/dispatch.o
 .ARM.attributes
                0x00000048       0x2c ./boot/boot2.o
 .ARM.attributes
                0x00000074       0x2c ./boot/reset_hdr.o
 .ARM.attributes
                0x000000a0       0x2c ./boot/vector_tbl.o
 .ARM.attributes
                0x000000cc       0x2c ./application/main.o
 .ARM.attributes
                0x000000f8       0x1e C:/Users/10434/AppData/Roaming/xPacks/@xpack-dev-tools/arm-none-eabi-gcc/13.2.1-1.1.1/.content/bin/../lib/gcc/arm-none-eabi/13.2.1/thumb/v6-m/nofp\libgcc.a(_udivsi3.o)
 .ARM.attributes
                0x00000116       0x1e C:/Users/10434/AppData/Roaming/xPacks/@xpack-dev-tools/arm-none-eabi-gcc/13.2.1-1.1.1/.content/bin/../lib/gcc/arm-none-eabi/13.2.1/thumb/v6-m/nofp\libgcc.a(_dvmd_tls.o)
 .ARM.attributes
                0x00000134       0x1e C:/Users/10434/AppData/Roaming/xPacks/@xpack-dev-tools/arm-none-eabi-gcc/13.2.1-1.1.1/.content/bin/../lib/gcc/arm-none-eabi/13.2.1/thumb/v6-m/nofp\libgcc.a(_aeabi_uldivmod.o)
 .ARM.attributes
                0x00000152       0x2c C:/Users/10434/AppData/Roaming/xPacks/@xpack-dev-tools/arm-none-eabi-gcc/13.2.1-1.1.1/.content/bin/../lib/gcc/arm-none-eabi/13.2.1/thumb/v6-m/nofp\libgcc.a(_udivmoddi4.o)
 .ARM.attributes
                0x0000017e       0x1e C:/Users/10434/AppData/Roaming/xPacks/@xpack-dev-tools/arm-none-eabi-gcc/13.2.1-1.1.1/.content/bin/../lib/gcc/arm-none-eabi/13.2.1/thumb/v6-m/nofp\libgcc.a(_clzdi2.o)
 .ARM.attributes
                0x0000019c       0x1e C:/Users/10434/AppData/Roaming/xPacks/@xpack-dev-tools/arm-none-eabi-gcc/13.2.1-1.1.1/.content/bin/../lib/gcc/arm-none-eabi/13.2.1/thumb/v6-m/nofp\libgcc.a(_clzsi2.o)

.debug_frame    0x00000000      0x344
 .debug_frame   0x00000000       0x30 ./kernel/context.o
 .debug_frame   0x00000030      0x1ac ./boot/reset_hdr.o
 .debug_frame   0x000001dc       0x2c ./boot/vector_tbl.o
 .debug_frame   0x00000208       0xe0 ./application/main.o
 .debug_frame   0x000002e8       0x20 C:/Users/10434/AppData/Roaming/xPacks/@xpack-dev-tools/arm-none-eabi-gcc/13.2.1-1.1.1/.content/bin/../lib/gcc/arm-none-eabi/13.2.1/thumb/v6-m/nofp\libgcc.a(_udivsi3.o)
 .debug_frame   0x00000308       0x3c C:/Users/10434/AppData/Roaming/xPacks/@xpack-dev-tools/arm-none-eabi-gcc/13.2.1-1.1.1/.content/bin/../lib/gcc/arm-none-eabi/13.2.1/thumb/v6-m/nofp\libgcc.a(_udivmoddi4.o)

.debug_line_str
                0x00000000      0x14b
 .debug_line_str
                0x00000000      0x14b ./kernel/dispatch.o
                                 0x2d (size before relaxing)
 .debug_line_str
                0x0000014b      0x112 C:/Users/10434/AppData/Roaming/xPacks/@xpack-dev-tools/arm-none-eabi-gcc/13.2.1-1.1.1/.content/bin/../lib/gcc/arm-none-eabi/13.2.1/thumb/v6-m/nofp\libgcc.a(_udivsi3.o)
 .debug_line_str
                0x0000014b      0x112 C:/Users/10434/AppData/Roaming/xPacks/@xpack-dev-tools/arm-none-eabi-gcc/13.2.1-1.1.1/.content/bin/../lib/gcc/arm-none-eabi/13.2.1/thumb/v6-m/nofp\libgcc.a(_dvmd_tls.o)
 .debug_line_str
                0x0000014b      0x112 C:/Users/10434/AppData/Roaming/xPacks/@xpack-dev-tools/arm-none-eabi-gcc/13.2.1-1.1.1/.content/bin/../lib/gcc/arm-none-eabi/13.2.1/thumb/v6-m/nofp\libgcc.a(_aeabi_uldivmod.o)
 .debug_line_str
                0x0000014b      0x112 C:/Users/10434/AppData/Roaming/xPacks/@xpack-dev-tools/arm-none-eabi-gcc/13.2.1-1.1.1/.content/bin/../lib/gcc/arm-none-eabi/13.2.1/thumb/v6-m/nofp\libgcc.a(_clzdi2.o)
 .debug_line_str
                0x0000014b      0x112 C:/Users/10434/AppData/Roaming/xPacks/@xpack-dev-tools/arm-none-eabi-gcc/13.2.1-1.1.1/.content/bin/../lib/gcc/arm-none-eabi/13.2.1/thumb/v6-m/nofp\libgcc.a(_clzsi2.o)

.debug_loclists
                0x00000000      0x2b8
 .debug_loclists
                0x00000000      0x2b8 C:/Users/10434/AppData/Roaming/xPacks/@xpack-dev-tools/arm-none-eabi-gcc/13.2.1-1.1.1/.content/bin/../lib/gcc/arm-none-eabi/13.2.1/thumb/v6-m/nofp\libgcc.a(_udivmoddi4.o)
