Archive member included to satisfy reference by file (symbol)

C:/Users/10434/AppData/Roaming/xPacks/@xpack-dev-tools/arm-none-eabi-gcc/13.2.1-1.1.1/.content/bin/../lib/gcc/arm-none-eabi/13.2.1/thumb/v6-m/nofp\libgcc.a(_udivsi3.o)
                              ./boot/reset_hdr.o (__aeabi_uidiv)
C:/Users/10434/AppData/Roaming/xPacks/@xpack-dev-tools/arm-none-eabi-gcc/13.2.1-1.1.1/.content/bin/../lib/gcc/arm-none-eabi/13.2.1/thumb/v6-m/nofp\libgcc.a(_dvmd_tls.o)
                              C:/Users/10434/AppData/Roaming/xPacks/@xpack-dev-tools/arm-none-eabi-gcc/13.2.1-1.1.1/.content/bin/../lib/gcc/arm-none-eabi/13.2.1/thumb/v6-m/nofp\libgcc.a(_udivsi3.o) (__aeabi_idiv0)
C:/Users/10434/AppData/Roaming/xPacks/@xpack-dev-tools/arm-none-eabi-gcc/13.2.1-1.1.1/.content/bin/../lib/gcc/arm-none-eabi/13.2.1/thumb/v6-m/nofp\libgcc.a(_aeabi_uldivmod.o)
                              ./boot/reset_hdr.o (__aeabi_uldivmod)
C:/Users/10434/AppData/Roaming/xPacks/@xpack-dev-tools/arm-none-eabi-gcc/13.2.1-1.1.1/.content/bin/../lib/gcc/arm-none-eabi/13.2.1/thumb/v6-m/nofp\libgcc.a(_udivmoddi4.o)
                              C:/Users/10434/AppData/Roaming/xPacks/@xpack-dev-tools/arm-none-eabi-gcc/13.2.1-1.1.1/.content/bin/../lib/gcc/arm-none-eabi/13.2.1/thumb/v6-m/nofp\libgcc.a(_aeabi_uldivmod.o) (__udivmoddi4)
C:/Users/10434/AppData/Roaming/xPacks/@xpack-dev-tools/arm-none-eabi-gcc/13.2.1-1.1.1/.content/bin/../lib/gcc/arm-none-eabi/13.2.1/thumb/v6-m/nofp\libgcc.a(_clzdi2.o)
                              C:/Users/10434/AppData/Roaming/xPacks/@xpack-dev-tools/arm-none-eabi-gcc/13.2.1-1.1.1/.content/bin/../lib/gcc/arm-none-eabi/13.2.1/thumb/v6-m/nofp\libgcc.a(_udivmoddi4.o) (__clzdi2)
C:/Users/10434/AppData/Roaming/xPacks/@xpack-dev-tools/arm-none-eabi-gcc/13.2.1-1.1.1/.content/bin/../lib/gcc/arm-none-eabi/13.2.1/thumb/v6-m/nofp\libgcc.a(_clzsi2.o)
                              C:/Users/10434/AppData/Roaming/xPacks/@xpack-dev-tools/arm-none-eabi-gcc/13.2.1-1.1.1/.content/bin/../lib/gcc/arm-none-eabi/13.2.1/thumb/v6-m/nofp\libgcc.a(_clzdi2.o) (__clzsi2)

Discarded input sections

 .group         0x00000000        0xc ./kernel/context.o
 .group         0x00000000        0xc ./kernel/context.o
 .group         0x00000000        0xc ./kernel/context.o
 .group         0x00000000        0xc ./kernel/context.o
 .group         0x00000000        0xc ./kernel/context.o
 .group         0x00000000        0xc ./kernel/context.o
 .group         0x00000000        0xc ./kernel/context.o
 .group         0x00000000        0xc ./kernel/context.o
 .group         0x00000000        0xc ./kernel/context.o
 .group         0x00000000        0xc ./kernel/context.o
 .group         0x00000000        0xc ./kernel/context.o
 .text          0x00000000        0x0 ./kernel/context.o
 .data          0x00000000        0x0 ./kernel/context.o
 .bss           0x00000000        0x0 ./kernel/context.o
 .data          0x00000000        0x0 ./kernel/dispatch.o
 .bss           0x00000000        0x0 ./kernel/dispatch.o
 .group         0x00000000        0xc ./kernel/inittsk.o
 .group         0x00000000        0xc ./kernel/inittsk.o
 .group         0x00000000        0xc ./kernel/inittsk.o
 .group         0x00000000        0xc ./kernel/inittsk.o
 .group         0x00000000        0xc ./kernel/inittsk.o
 .group         0x00000000        0xc ./kernel/inittsk.o
 .group         0x00000000        0xc ./kernel/inittsk.o
 .group         0x00000000        0xc ./kernel/inittsk.o
 .group         0x00000000        0xc ./kernel/inittsk.o
 .group         0x00000000        0xc ./kernel/inittsk.o
 .group         0x00000000        0xc ./kernel/inittsk.o
 .group         0x00000000        0xc ./kernel/inittsk.o
 .group         0x00000000        0xc ./kernel/inittsk.o
 .group         0x00000000        0xc ./kernel/inittsk.o
 .text          0x00000000        0x0 ./kernel/inittsk.o
 .data          0x00000000        0x0 ./kernel/inittsk.o
 .bss           0x00000000        0x0 ./kernel/inittsk.o
 .debug_macro   0x00000000      0xa90 ./kernel/inittsk.o
 .debug_macro   0x00000000       0x22 ./kernel/inittsk.o
 .debug_macro   0x00000000       0x56 ./kernel/inittsk.o
 .debug_macro   0x00000000       0x51 ./kernel/inittsk.o
 .debug_macro   0x00000000      0x103 ./kernel/inittsk.o
 .debug_macro   0x00000000       0x6a ./kernel/inittsk.o
 .debug_macro   0x00000000      0x1df ./kernel/inittsk.o
 .debug_macro   0x00000000       0x16 ./kernel/inittsk.o
 .debug_macro   0x00000000      0x2f9 ./kernel/inittsk.o
 .debug_macro   0x00000000       0x28 ./kernel/inittsk.o
 .debug_macro   0x00000000       0x16 ./kernel/inittsk.o
 .group         0x00000000        0xc ./kernel/scheduler.o
 .group         0x00000000        0xc ./kernel/scheduler.o
 .group         0x00000000        0xc ./kernel/scheduler.o
 .group         0x00000000        0xc ./kernel/scheduler.o
 .group         0x00000000        0xc ./kernel/scheduler.o
 .group         0x00000000        0xc ./kernel/scheduler.o
 .group         0x00000000        0xc ./kernel/scheduler.o
 .group         0x00000000        0xc ./kernel/scheduler.o
 .group         0x00000000        0xc ./kernel/scheduler.o
 .group         0x00000000        0xc ./kernel/scheduler.o
 .group         0x00000000        0xc ./kernel/scheduler.o
 .group         0x00000000        0xc ./kernel/scheduler.o
 .group         0x00000000        0xc ./kernel/scheduler.o
 .group         0x00000000        0xc ./kernel/scheduler.o
 .text          0x00000000        0x0 ./kernel/scheduler.o
 .data          0x00000000        0x0 ./kernel/scheduler.o
 .bss           0x00000000        0x0 ./kernel/scheduler.o
 .debug_macro   0x00000000      0xa90 ./kernel/scheduler.o
 .debug_macro   0x00000000       0x22 ./kernel/scheduler.o
 .debug_macro   0x00000000       0x56 ./kernel/scheduler.o
 .debug_macro   0x00000000       0x51 ./kernel/scheduler.o
 .debug_macro   0x00000000      0x103 ./kernel/scheduler.o
 .debug_macro   0x00000000       0x6a ./kernel/scheduler.o
 .debug_macro   0x00000000      0x1df ./kernel/scheduler.o
 .debug_macro   0x00000000       0x16 ./kernel/scheduler.o
 .debug_macro   0x00000000      0x2f9 ./kernel/scheduler.o
 .debug_macro   0x00000000       0x28 ./kernel/scheduler.o
 .debug_macro   0x00000000       0x16 ./kernel/scheduler.o
 .debug_macro   0x00000000       0x8e ./kernel/scheduler.o
 .debug_macro   0x00000000       0x16 ./kernel/scheduler.o
 .debug_macro   0x00000000       0x3a ./kernel/scheduler.o
 .group         0x00000000        0xc ./kernel/syslib.o
 .group         0x00000000        0xc ./kernel/syslib.o
 .group         0x00000000        0xc ./kernel/syslib.o
 .group         0x00000000        0xc ./kernel/syslib.o
 .group         0x00000000        0xc ./kernel/syslib.o
 .group         0x00000000        0xc ./kernel/syslib.o
 .group         0x00000000        0xc ./kernel/syslib.o
 .group         0x00000000        0xc ./kernel/syslib.o
 .group         0x00000000        0xc ./kernel/syslib.o
 .group         0x00000000        0xc ./kernel/syslib.o
 .group         0x00000000        0xc ./kernel/syslib.o
 .group         0x00000000        0xc ./kernel/syslib.o
 .group         0x00000000        0xc ./kernel/syslib.o
 .group         0x00000000        0xc ./kernel/syslib.o
 .text          0x00000000        0x0 ./kernel/syslib.o
 .data          0x00000000        0x0 ./kernel/syslib.o
 .bss           0x00000000        0x0 ./kernel/syslib.o
 .debug_macro   0x00000000      0xa90 ./kernel/syslib.o
 .debug_macro   0x00000000       0x22 ./kernel/syslib.o
 .debug_macro   0x00000000       0x56 ./kernel/syslib.o
 .debug_macro   0x00000000       0x51 ./kernel/syslib.o
 .debug_macro   0x00000000      0x103 ./kernel/syslib.o
 .debug_macro   0x00000000       0x6a ./kernel/syslib.o
 .debug_macro   0x00000000      0x1df ./kernel/syslib.o
 .debug_macro   0x00000000       0x16 ./kernel/syslib.o
 .debug_macro   0x00000000      0x2f9 ./kernel/syslib.o
 .debug_macro   0x00000000       0x28 ./kernel/syslib.o
 .debug_macro   0x00000000       0x16 ./kernel/syslib.o
 .debug_macro   0x00000000       0x8e ./kernel/syslib.o
 .debug_macro   0x00000000       0x16 ./kernel/syslib.o
 .debug_macro   0x00000000       0x3a ./kernel/syslib.o
 .group         0x00000000        0xc ./kernel/systimer.o
 .group         0x00000000        0xc ./kernel/systimer.o
 .group         0x00000000        0xc ./kernel/systimer.o
 .group         0x00000000        0xc ./kernel/systimer.o
 .group         0x00000000        0xc ./kernel/systimer.o
 .group         0x00000000        0xc ./kernel/systimer.o
 .group         0x00000000        0xc ./kernel/systimer.o
 .group         0x00000000        0xc ./kernel/systimer.o
 .group         0x00000000        0xc ./kernel/systimer.o
 .group         0x00000000        0xc ./kernel/systimer.o
 .group         0x00000000        0xc ./kernel/systimer.o
 .group         0x00000000        0xc ./kernel/systimer.o
 .group         0x00000000        0xc ./kernel/systimer.o
 .group         0x00000000        0xc ./kernel/systimer.o
 .text          0x00000000        0x0 ./kernel/systimer.o
 .data          0x00000000        0x0 ./kernel/systimer.o
 .bss           0x00000000        0x0 ./kernel/systimer.o
 .debug_macro   0x00000000      0xa90 ./kernel/systimer.o
 .debug_macro   0x00000000       0x22 ./kernel/systimer.o
 .debug_macro   0x00000000       0x56 ./kernel/systimer.o
 .debug_macro   0x00000000       0x51 ./kernel/systimer.o
 .debug_macro   0x00000000      0x103 ./kernel/systimer.o
 .debug_macro   0x00000000       0x6a ./kernel/systimer.o
 .debug_macro   0x00000000      0x1df ./kernel/systimer.o
 .debug_macro   0x00000000       0x16 ./kernel/systimer.o
 .debug_macro   0x00000000      0x2f9 ./kernel/systimer.o
 .debug_macro   0x00000000       0x28 ./kernel/systimer.o
 .debug_macro   0x00000000       0x16 ./kernel/systimer.o
 .debug_macro   0x00000000       0x8e ./kernel/systimer.o
 .debug_macro   0x00000000       0x16 ./kernel/systimer.o
 .debug_macro   0x00000000       0x3a ./kernel/systimer.o
 .group         0x00000000        0xc ./kernel/task_manage.o
 .group         0x00000000        0xc ./kernel/task_manage.o
 .group         0x00000000        0xc ./kernel/task_manage.o
 .group         0x00000000        0xc ./kernel/task_manage.o
 .group         0x00000000        0xc ./kernel/task_manage.o
 .group         0x00000000        0xc ./kernel/task_manage.o
 .group         0x00000000        0xc ./kernel/task_manage.o
 .group         0x00000000        0xc ./kernel/task_manage.o
 .group         0x00000000        0xc ./kernel/task_manage.o
 .group         0x00000000        0xc ./kernel/task_manage.o
 .group         0x00000000        0xc ./kernel/task_manage.o
 .group         0x00000000        0xc ./kernel/task_manage.o
 .group         0x00000000        0xc ./kernel/task_manage.o
 .group         0x00000000        0xc ./kernel/task_manage.o
 .text          0x00000000        0x0 ./kernel/task_manage.o
 .data          0x00000000        0x0 ./kernel/task_manage.o
 .bss           0x00000000        0x0 ./kernel/task_manage.o
 .debug_macro   0x00000000      0xa90 ./kernel/task_manage.o
 .debug_macro   0x00000000       0x22 ./kernel/task_manage.o
 .debug_macro   0x00000000       0x56 ./kernel/task_manage.o
 .debug_macro   0x00000000       0x51 ./kernel/task_manage.o
 .debug_macro   0x00000000      0x103 ./kernel/task_manage.o
 .debug_macro   0x00000000       0x6a ./kernel/task_manage.o
 .debug_macro   0x00000000      0x1df ./kernel/task_manage.o
 .debug_macro   0x00000000       0x16 ./kernel/task_manage.o
 .debug_macro   0x00000000      0x2f9 ./kernel/task_manage.o
 .debug_macro   0x00000000       0x28 ./kernel/task_manage.o
 .debug_macro   0x00000000       0x16 ./kernel/task_manage.o
 .debug_macro   0x00000000       0x8e ./kernel/task_manage.o
 .debug_macro   0x00000000       0x16 ./kernel/task_manage.o
 .debug_macro   0x00000000       0x3a ./kernel/task_manage.o
 .group         0x00000000        0xc ./kernel/task_queue.o
 .group         0x00000000        0xc ./kernel/task_queue.o
 .group         0x00000000        0xc ./kernel/task_queue.o
 .group         0x00000000        0xc ./kernel/task_queue.o
 .group         0x00000000        0xc ./kernel/task_queue.o
 .group         0x00000000        0xc ./kernel/task_queue.o
 .group         0x00000000        0xc ./kernel/task_queue.o
 .group         0x00000000        0xc ./kernel/task_queue.o
 .group         0x00000000        0xc ./kernel/task_queue.o
 .group         0x00000000        0xc ./kernel/task_queue.o
 .group         0x00000000        0xc ./kernel/task_queue.o
 .group         0x00000000        0xc ./kernel/task_queue.o
 .group         0x00000000        0xc ./kernel/task_queue.o
 .group         0x00000000        0xc ./kernel/task_queue.o
 .text          0x00000000        0x0 ./kernel/task_queue.o
 .data          0x00000000        0x0 ./kernel/task_queue.o
 .bss           0x00000000        0x0 ./kernel/task_queue.o
 .debug_macro   0x00000000      0xa90 ./kernel/task_queue.o
 .debug_macro   0x00000000       0x22 ./kernel/task_queue.o
 .debug_macro   0x00000000       0x56 ./kernel/task_queue.o
 .debug_macro   0x00000000       0x51 ./kernel/task_queue.o
 .debug_macro   0x00000000      0x103 ./kernel/task_queue.o
 .debug_macro   0x00000000       0x6a ./kernel/task_queue.o
 .debug_macro   0x00000000      0x1df ./kernel/task_queue.o
 .debug_macro   0x00000000       0x16 ./kernel/task_queue.o
 .debug_macro   0x00000000      0x2f9 ./kernel/task_queue.o
 .debug_macro   0x00000000       0x28 ./kernel/task_queue.o
 .debug_macro   0x00000000       0x16 ./kernel/task_queue.o
 .debug_macro   0x00000000       0x8e ./kernel/task_queue.o
 .debug_macro   0x00000000       0x16 ./kernel/task_queue.o
 .debug_macro   0x00000000       0x3a ./kernel/task_queue.o
 .group         0x00000000        0xc ./kernel/task_sync.o
 .group         0x00000000        0xc ./kernel/task_sync.o
 .group         0x00000000        0xc ./kernel/task_sync.o
 .group         0x00000000        0xc ./kernel/task_sync.o
 .group         0x00000000        0xc ./kernel/task_sync.o
 .group         0x00000000        0xc ./kernel/task_sync.o
 .group         0x00000000        0xc ./kernel/task_sync.o
 .group         0x00000000        0xc ./kernel/task_sync.o
 .group         0x00000000        0xc ./kernel/task_sync.o
 .group         0x00000000        0xc ./kernel/task_sync.o
 .group         0x00000000        0xc ./kernel/task_sync.o
 .group         0x00000000        0xc ./kernel/task_sync.o
 .group         0x00000000        0xc ./kernel/task_sync.o
 .group         0x00000000        0xc ./kernel/task_sync.o
 .text          0x00000000        0x0 ./kernel/task_sync.o
 .data          0x00000000        0x0 ./kernel/task_sync.o
 .bss           0x00000000        0x0 ./kernel/task_sync.o
 .debug_macro   0x00000000      0xa90 ./kernel/task_sync.o
 .debug_macro   0x00000000       0x22 ./kernel/task_sync.o
 .debug_macro   0x00000000       0x56 ./kernel/task_sync.o
 .debug_macro   0x00000000       0x51 ./kernel/task_sync.o
 .debug_macro   0x00000000      0x103 ./kernel/task_sync.o
 .debug_macro   0x00000000       0x6a ./kernel/task_sync.o
 .debug_macro   0x00000000      0x1df ./kernel/task_sync.o
 .debug_macro   0x00000000       0x16 ./kernel/task_sync.o
 .debug_macro   0x00000000      0x2f9 ./kernel/task_sync.o
 .debug_macro   0x00000000       0x28 ./kernel/task_sync.o
 .debug_macro   0x00000000       0x16 ./kernel/task_sync.o
 .debug_macro   0x00000000       0x8e ./kernel/task_sync.o
 .debug_macro   0x00000000       0x16 ./kernel/task_sync.o
 .debug_macro   0x00000000       0x3a ./kernel/task_sync.o
 .group         0x00000000        0xc ./boot/boot2.o
 .text          0x00000000        0x0 ./boot/boot2.o
 .data          0x00000000        0x0 ./boot/boot2.o
 .bss           0x00000000        0x0 ./boot/boot2.o
 .debug_macro   0x00000000      0xa90 ./boot/boot2.o
 .group         0x00000000        0xc ./boot/reset_hdr.o
 .group         0x00000000        0xc ./boot/reset_hdr.o
 .group         0x00000000        0xc ./boot/reset_hdr.o
 .group         0x00000000        0xc ./boot/reset_hdr.o
 .group         0x00000000        0xc ./boot/reset_hdr.o
 .group         0x00000000        0xc ./boot/reset_hdr.o
 .group         0x00000000        0xc ./boot/reset_hdr.o
 .group         0x00000000        0xc ./boot/reset_hdr.o
 .group         0x00000000        0xc ./boot/reset_hdr.o
 .group         0x00000000        0xc ./boot/reset_hdr.o
 .group         0x00000000        0xc ./boot/reset_hdr.o
 .text          0x00000000        0x0 ./boot/reset_hdr.o
 .data          0x00000000        0x0 ./boot/reset_hdr.o
 .bss           0x00000000        0x0 ./boot/reset_hdr.o
 .debug_macro   0x00000000      0xa90 ./boot/reset_hdr.o
 .debug_macro   0x00000000       0x22 ./boot/reset_hdr.o
 .debug_macro   0x00000000       0x56 ./boot/reset_hdr.o
 .debug_macro   0x00000000       0x51 ./boot/reset_hdr.o
 .debug_macro   0x00000000      0x103 ./boot/reset_hdr.o
 .debug_macro   0x00000000       0x6a ./boot/reset_hdr.o
 .debug_macro   0x00000000      0x1df ./boot/reset_hdr.o
 .debug_macro   0x00000000       0x16 ./boot/reset_hdr.o
 .debug_macro   0x00000000      0x2f9 ./boot/reset_hdr.o
 .debug_macro   0x00000000       0x28 ./boot/reset_hdr.o
 .debug_macro   0x00000000       0x16 ./boot/reset_hdr.o
 .group         0x00000000        0xc ./boot/vector_tbl.o
 .group         0x00000000        0xc ./boot/vector_tbl.o
 .group         0x00000000        0xc ./boot/vector_tbl.o
 .group         0x00000000        0xc ./boot/vector_tbl.o
 .group         0x00000000        0xc ./boot/vector_tbl.o
 .group         0x00000000        0xc ./boot/vector_tbl.o
 .group         0x00000000        0xc ./boot/vector_tbl.o
 .group         0x00000000        0xc ./boot/vector_tbl.o
 .group         0x00000000        0xc ./boot/vector_tbl.o
 .group         0x00000000        0xc ./boot/vector_tbl.o
 .group         0x00000000        0xc ./boot/vector_tbl.o
 .text          0x00000000        0x0 ./boot/vector_tbl.o
 .data          0x00000000        0x0 ./boot/vector_tbl.o
 .bss           0x00000000        0x0 ./boot/vector_tbl.o
 .debug_macro   0x00000000      0xa90 ./boot/vector_tbl.o
 .debug_macro   0x00000000       0x22 ./boot/vector_tbl.o
 .debug_macro   0x00000000       0x56 ./boot/vector_tbl.o
 .debug_macro   0x00000000       0x51 ./boot/vector_tbl.o
 .debug_macro   0x00000000      0x103 ./boot/vector_tbl.o
 .debug_macro   0x00000000       0x6a ./boot/vector_tbl.o
 .debug_macro   0x00000000      0x1df ./boot/vector_tbl.o
 .debug_macro   0x00000000       0x16 ./boot/vector_tbl.o
 .debug_macro   0x00000000      0x2f9 ./boot/vector_tbl.o
 .debug_macro   0x00000000       0x28 ./boot/vector_tbl.o
 .debug_macro   0x00000000       0x16 ./boot/vector_tbl.o
 .group         0x00000000        0xc ./application/main.o
 .group         0x00000000        0xc ./application/main.o
 .group         0x00000000        0xc ./application/main.o
 .group         0x00000000        0xc ./application/main.o
 .group         0x00000000        0xc ./application/main.o
 .group         0x00000000        0xc ./application/main.o
 .group         0x00000000        0xc ./application/main.o
 .group         0x00000000        0xc ./application/main.o
 .group         0x00000000        0xc ./application/main.o
 .group         0x00000000        0xc ./application/main.o
 .group         0x00000000        0xc ./application/main.o
 .group         0x00000000        0xc ./application/main.o
 .group         0x00000000        0xc ./application/main.o
 .group         0x00000000        0xc ./application/main.o
 .text          0x00000000        0x0 ./application/main.o
 .data          0x00000000        0x0 ./application/main.o
 .bss           0x00000000        0x0 ./application/main.o
 .debug_macro   0x00000000      0xa90 ./application/main.o
 .debug_macro   0x00000000       0x22 ./application/main.o
 .debug_macro   0x00000000       0x56 ./application/main.o
 .debug_macro   0x00000000       0x51 ./application/main.o
 .debug_macro   0x00000000      0x103 ./application/main.o
 .debug_macro   0x00000000       0x6a ./application/main.o
 .debug_macro   0x00000000      0x1df ./application/main.o
 .debug_macro   0x00000000       0x16 ./application/main.o
 .debug_macro   0x00000000      0x2f9 ./application/main.o
 .debug_macro   0x00000000       0x28 ./application/main.o
 .debug_macro   0x00000000       0x16 ./application/main.o
 .debug_macro   0x00000000       0x8e ./application/main.o
 .debug_macro   0x00000000       0x16 ./application/main.o
 .debug_macro   0x00000000       0x3a ./application/main.o
 .data          0x00000000        0x0 C:/Users/10434/AppData/Roaming/xPacks/@xpack-dev-tools/arm-none-eabi-gcc/13.2.1-1.1.1/.content/bin/../lib/gcc/arm-none-eabi/13.2.1/thumb/v6-m/nofp\libgcc.a(_udivsi3.o)
 .bss           0x00000000        0x0 C:/Users/10434/AppData/Roaming/xPacks/@xpack-dev-tools/arm-none-eabi-gcc/13.2.1-1.1.1/.content/bin/../lib/gcc/arm-none-eabi/13.2.1/thumb/v6-m/nofp\libgcc.a(_udivsi3.o)
 .data          0x00000000        0x0 C:/Users/10434/AppData/Roaming/xPacks/@xpack-dev-tools/arm-none-eabi-gcc/13.2.1-1.1.1/.content/bin/../lib/gcc/arm-none-eabi/13.2.1/thumb/v6-m/nofp\libgcc.a(_dvmd_tls.o)
 .bss           0x00000000        0x0 C:/Users/10434/AppData/Roaming/xPacks/@xpack-dev-tools/arm-none-eabi-gcc/13.2.1-1.1.1/.content/bin/../lib/gcc/arm-none-eabi/13.2.1/thumb/v6-m/nofp\libgcc.a(_dvmd_tls.o)
 .data          0x00000000        0x0 C:/Users/10434/AppData/Roaming/xPacks/@xpack-dev-tools/arm-none-eabi-gcc/13.2.1-1.1.1/.content/bin/../lib/gcc/arm-none-eabi/13.2.1/thumb/v6-m/nofp\libgcc.a(_aeabi_uldivmod.o)
 .bss           0x00000000        0x0 C:/Users/10434/AppData/Roaming/xPacks/@xpack-dev-tools/arm-none-eabi-gcc/13.2.1-1.1.1/.content/bin/../lib/gcc/arm-none-eabi/13.2.1/thumb/v6-m/nofp\libgcc.a(_aeabi_uldivmod.o)
 .text          0x00000000        0x0 C:/Users/10434/AppData/Roaming/xPacks/@xpack-dev-tools/arm-none-eabi-gcc/13.2.1-1.1.1/.content/bin/../lib/gcc/arm-none-eabi/13.2.1/thumb/v6-m/nofp\libgcc.a(_udivmoddi4.o)
 .data          0x00000000        0x0 C:/Users/10434/AppData/Roaming/xPacks/@xpack-dev-tools/arm-none-eabi-gcc/13.2.1-1.1.1/.content/bin/../lib/gcc/arm-none-eabi/13.2.1/thumb/v6-m/nofp\libgcc.a(_udivmoddi4.o)
 .bss           0x00000000        0x0 C:/Users/10434/AppData/Roaming/xPacks/@xpack-dev-tools/arm-none-eabi-gcc/13.2.1-1.1.1/.content/bin/../lib/gcc/arm-none-eabi/13.2.1/thumb/v6-m/nofp\libgcc.a(_udivmoddi4.o)
 .ARM.extab.text.__udivmoddi4
                0x00000000        0x0 C:/Users/10434/AppData/Roaming/xPacks/@xpack-dev-tools/arm-none-eabi-gcc/13.2.1-1.1.1/.content/bin/../lib/gcc/arm-none-eabi/13.2.1/thumb/v6-m/nofp\libgcc.a(_udivmoddi4.o)
 .data          0x00000000        0x0 C:/Users/10434/AppData/Roaming/xPacks/@xpack-dev-tools/arm-none-eabi-gcc/13.2.1-1.1.1/.content/bin/../lib/gcc/arm-none-eabi/13.2.1/thumb/v6-m/nofp\libgcc.a(_clzdi2.o)
 .bss           0x00000000        0x0 C:/Users/10434/AppData/Roaming/xPacks/@xpack-dev-tools/arm-none-eabi-gcc/13.2.1-1.1.1/.content/bin/../lib/gcc/arm-none-eabi/13.2.1/thumb/v6-m/nofp\libgcc.a(_clzdi2.o)
 .data          0x00000000        0x0 C:/Users/10434/AppData/Roaming/xPacks/@xpack-dev-tools/arm-none-eabi-gcc/13.2.1-1.1.1/.content/bin/../lib/gcc/arm-none-eabi/13.2.1/thumb/v6-m/nofp\libgcc.a(_clzsi2.o)
 .bss           0x00000000        0x0 C:/Users/10434/AppData/Roaming/xPacks/@xpack-dev-tools/arm-none-eabi-gcc/13.2.1-1.1.1/.content/bin/../lib/gcc/arm-none-eabi/13.2.1/thumb/v6-m/nofp\libgcc.a(_clzsi2.o)

Memory Configuration

Name             Origin             Length             Attributes
ROM              0x10000000         0x00200000         xr
RAM              0x20000000         0x00040000         xrw
*default*        0x00000000         0xffffffff

Linker script and memory map

LOAD ./kernel/context.o
LOAD ./kernel/dispatch.o
LOAD ./kernel/inittsk.o
LOAD ./kernel/scheduler.o
LOAD ./kernel/syslib.o
LOAD ./kernel/systimer.o
LOAD ./kernel/task_manage.o
LOAD ./kernel/task_queue.o
LOAD ./kernel/task_sync.o
LOAD ./boot/boot2.o
LOAD ./boot/reset_hdr.o
LOAD ./boot/vector_tbl.o
LOAD ./application/main.o
START GROUP
LOAD C:/Users/10434/AppData/Roaming/xPacks/@xpack-dev-tools/arm-none-eabi-gcc/13.2.1-1.1.1/.content/bin/../lib/gcc/arm-none-eabi/13.2.1/thumb/v6-m/nofp\libgcc.a
LOAD C:/Users/10434/AppData/Roaming/xPacks/@xpack-dev-tools/arm-none-eabi-gcc/13.2.1-1.1.1/.content/bin/../lib/gcc/arm-none-eabi/13.2.1/../../../../arm-none-eabi/lib/thumb/v6-m/nofp\libg.a
LOAD C:/Users/10434/AppData/Roaming/xPacks/@xpack-dev-tools/arm-none-eabi-gcc/13.2.1-1.1.1/.content/bin/../lib/gcc/arm-none-eabi/13.2.1/../../../../arm-none-eabi/lib/thumb/v6-m/nofp\libc.a
END GROUP

boot2           0x10000000      0x100
                0x10000000                        __boot2_start__ = .
 *(.boot2)
 .boot2         0x10000000      0x100 ./boot/boot2.o
                0x10000000                boot2
                0x10000100                        __boot2_end__ = .
                0x00000001                        ASSERT (((__boot2_end__ - __boot2_start__) == 0x100), ERROR: Pico second stage bootloader must be 256 bytes in size)

.text           0x10000100     0x1442
                0x10000100                        __vector_org = .
 *(.vector)
 .vector        0x10000100       0xbc ./boot/vector_tbl.o
                0x10000100                vector_tbl
 *(EXCLUDE_FILE(*libm.a: *libc.a:*lib_a-mem*.o *libgcc.a:) .text*)
 .text.make_context
                0x100001bc       0x38 ./kernel/context.o
                0x100001bc                make_context
 .text          0x100001f4       0x68 ./kernel/dispatch.o
                0x100001f4                dispatch_entry
 .text.initsk   0x1000025c       0x2c ./kernel/inittsk.o
                0x1000025c                initsk
 .text.main     0x10000288       0x28 ./kernel/inittsk.o
                0x10000288                main
 .text.out_w    0x100002b0       0x18 ./kernel/scheduler.o
 .text.dispatch
                0x100002c8       0x1c ./kernel/scheduler.o
 .text.scheduler
                0x100002e4       0x74 ./kernel/scheduler.o
                0x100002e4                scheduler
 .text.in_w     0x10000358       0x14 ./kernel/syslib.o
 .text.out_w    0x1000036c       0x18 ./kernel/syslib.o
 .text.tm_com_init
                0x10000384       0x48 ./kernel/syslib.o
                0x10000384                tm_com_init
 .text.tm_putstring
                0x100003cc       0x58 ./kernel/syslib.o
                0x100003cc                tm_putstring
 .text.systimer_handler
                0x10000424       0x9c ./kernel/systimer.o
                0x10000424                systimer_handler
 .text.set_primask
                0x100004c0       0x16 ./kernel/task_manage.o
 .text.get_primask
                0x100004d6       0x16 ./kernel/task_manage.o
 .text.tk_cre_tsk
                0x100004ec      0x13c ./kernel/task_manage.o
                0x100004ec                tk_cre_tsk
 .text.tk_sta_tsk
                0x10000628       0xa4 ./kernel/task_manage.o
                0x10000628                tk_sta_tsk
 .text.tk_ext_tsk
                0x100006cc       0x4c ./kernel/task_manage.o
                0x100006cc                tk_ext_tsk
 .text.tqueue_add_entry
                0x10000718       0x4a ./kernel/task_queue.o
                0x10000718                tqueue_add_entry
 .text.tqueue_remove_top
                0x10000762       0x3a ./kernel/task_queue.o
                0x10000762                tqueue_remove_top
 .text.tqueue_remove_entry
                0x1000079c       0x4e ./kernel/task_queue.o
                0x1000079c                tqueue_remove_entry
 .text.set_primask
                0x100007ea       0x16 ./kernel/task_sync.o
 .text.get_primask
                0x10000800       0x16 ./kernel/task_sync.o
 *fill*         0x10000816        0x2 
 .text.tk_dly_tsk
                0x10000818       0x88 ./kernel/task_sync.o
                0x10000818                tk_dly_tsk
 .text.tk_slp_tsk
                0x100008a0       0xa4 ./kernel/task_sync.o
                0x100008a0                tk_slp_tsk
 .text.tk_wup_tsk
                0x10000944       0xc4 ./kernel/task_sync.o
                0x10000944                tk_wup_tsk
 .text.in_w     0x10000a08       0x14 ./boot/reset_hdr.o
 .text.out_w    0x10000a1c       0x18 ./boot/reset_hdr.o
 .text.clr_w    0x10000a34       0x20 ./boot/reset_hdr.o
 .text.set_w    0x10000a54       0x20 ./boot/reset_hdr.o
 .text.set_primask
                0x10000a74       0x16 ./boot/reset_hdr.o
 .text.get_primask
                0x10000a8a       0x16 ./boot/reset_hdr.o
 .text.init_pll
                0x10000aa0       0xd0 ./boot/reset_hdr.o
 .text.clock_config
                0x10000b70       0xd0 ./boot/reset_hdr.o
 .text.init_clock
                0x10000c40      0x244 ./boot/reset_hdr.o
 .text.init_peri
                0x10000e84       0xd4 ./boot/reset_hdr.o
 .text.init_section
                0x10000f58       0x6c ./boot/reset_hdr.o
 .text.init_systim
                0x10000fc4       0x48 ./boot/reset_hdr.o
 .text.Reset_Handler
                0x1000100c       0x44 ./boot/reset_hdr.o
                0x1000100c                Reset_Handler
 .text.Default_Handler
                0x10001050        0x6 ./boot/vector_tbl.o
                0x10001050                Default_Handler
 .text.in_w     0x10001056       0x14 ./application/main.o
 .text.out_w    0x1000106a       0x18 ./application/main.o
 *fill*         0x10001082        0x2 
 .text.task_btn
                0x10001084       0xa8 ./application/main.o
                0x10001084                task_btn
 .text.task_led
                0x1000112c       0x44 ./application/main.o
                0x1000112c                task_led
 .text.usermain
                0x10001170       0x5c ./application/main.o
                0x10001170                usermain
                0x100011cc                        __start = .
 *(.text)
 .text          0x100011cc      0x114 C:/Users/10434/AppData/Roaming/xPacks/@xpack-dev-tools/arm-none-eabi-gcc/13.2.1-1.1.1/.content/bin/../lib/gcc/arm-none-eabi/13.2.1/thumb/v6-m/nofp\libgcc.a(_udivsi3.o)
                0x100011cc                __aeabi_uidiv
                0x100011cc                __udivsi3
                0x100012d8                __aeabi_uidivmod
 .text          0x100012e0        0x4 C:/Users/10434/AppData/Roaming/xPacks/@xpack-dev-tools/arm-none-eabi-gcc/13.2.1-1.1.1/.content/bin/../lib/gcc/arm-none-eabi/13.2.1/thumb/v6-m/nofp\libgcc.a(_dvmd_tls.o)
                0x100012e0                __aeabi_idiv0
                0x100012e0                __aeabi_ldiv0
 .text          0x100012e4       0x40 C:/Users/10434/AppData/Roaming/xPacks/@xpack-dev-tools/arm-none-eabi-gcc/13.2.1-1.1.1/.content/bin/../lib/gcc/arm-none-eabi/13.2.1/thumb/v6-m/nofp\libgcc.a(_aeabi_uldivmod.o)
                0x100012e4                __aeabi_uldivmod
 .text          0x10001324       0x18 C:/Users/10434/AppData/Roaming/xPacks/@xpack-dev-tools/arm-none-eabi-gcc/13.2.1-1.1.1/.content/bin/../lib/gcc/arm-none-eabi/13.2.1/thumb/v6-m/nofp\libgcc.a(_clzdi2.o)
                0x10001324                __clzdi2
 .text          0x1000133c       0x3c C:/Users/10434/AppData/Roaming/xPacks/@xpack-dev-tools/arm-none-eabi-gcc/13.2.1-1.1.1/.content/bin/../lib/gcc/arm-none-eabi/13.2.1/thumb/v6-m/nofp\libgcc.a(_clzsi2.o)
                0x1000133c                __clzsi2
 *(.text.*)
 .text.__udivmoddi4
                0x10001378      0x198 C:/Users/10434/AppData/Roaming/xPacks/@xpack-dev-tools/arm-none-eabi-gcc/13.2.1-1.1.1/.content/bin/../lib/gcc/arm-none-eabi/13.2.1/thumb/v6-m/nofp\libgcc.a(_udivmoddi4.o)
                0x10001378                __udivmoddi4
 *(.rodata)
 .rodata        0x10001510       0x13 ./kernel/inittsk.o
 *fill*         0x10001523        0x1 
 .rodata        0x10001524       0x1e ./application/main.o
 *(.rodata.*)

.glue_7         0x10001544        0x0
 .glue_7        0x10001544        0x0 linker stubs

.glue_7t        0x10001544        0x0
 .glue_7t       0x10001544        0x0 linker stubs

.vfp11_veneer   0x10001544        0x0
 .vfp11_veneer  0x10001544        0x0 linker stubs

.v4_bx          0x10001544        0x0
 .v4_bx         0x10001544        0x0 linker stubs

.iplt           0x10001544        0x0
 .iplt          0x10001544        0x0 ./kernel/dispatch.o

.ARM.extab
 *(.ARM.extab* .gnu.linkonce.armextab.*)
                0x10001542                        __exidx_start = .

.ARM.exidx      0x10001544        0x8
 *(.ARM.exidx* .gnu.linkonce.armexidx.*)
 .ARM.exidx.text.__udivmoddi4
                0x10001544        0x8 C:/Users/10434/AppData/Roaming/xPacks/@xpack-dev-tools/arm-none-eabi-gcc/13.2.1-1.1.1/.content/bin/../lib/gcc/arm-none-eabi/13.2.1/thumb/v6-m/nofp\libgcc.a(_udivmoddi4.o)
                0x1000154c                        __exidx_end = .
                0x1000154c                        __data_org = .

.rel.dyn        0x1000154c        0x0
 .rel.iplt      0x1000154c        0x0 ./kernel/dispatch.o

.data           0x20000000       0x3c load address 0x1000154c
                0x20000000                        __data_start = .
 *(.data)
 *(.data.*)
 .data.ctsk_ini
                0x20000000       0x14 ./kernel/inittsk.o
                0x20000000                ctsk_ini
 .data.ctsk_btn
                0x20000014       0x14 ./application/main.o
                0x20000014                ctsk_btn
 .data.ctsk_led
                0x20000028       0x14 ./application/main.o
                0x20000028                ctsk_led
                0x2000003c                        . = ALIGN (0x4)
                0x2000003c                        __data_end = .

.igot.plt       0x2000003c        0x0 load address 0x10001588
 .igot.plt      0x2000003c        0x0 ./kernel/dispatch.o

.bss            0x2000003c      0xf5c load address 0x10001588
                0x2000003c                        __bss_start = .
 *(.bss)
 *(.bss.*)
 .bss.tskstk_ini
                0x2000003c      0x100 ./kernel/inittsk.o
                0x2000003c                tskstk_ini
 .bss.tskid_ini
                0x2000013c        0x4 ./kernel/inittsk.o
                0x2000013c                tskid_ini
 .bss.ready_queue
                0x20000140       0x40 ./kernel/scheduler.o
                0x20000140                ready_queue
 .bss.cur_task  0x20000180        0x4 ./kernel/scheduler.o
                0x20000180                cur_task
 .bss.sche_task
                0x20000184        0x4 ./kernel/scheduler.o
                0x20000184                sche_task
 .bss.disp_running
                0x20000188        0x4 ./kernel/scheduler.o
                0x20000188                disp_running
 .bss.wait_queue
                0x2000018c        0x4 ./kernel/systimer.o
                0x2000018c                wait_queue
 .bss.tcb_tbl   0x20000190      0x600 ./kernel/task_manage.o
                0x20000190                tcb_tbl
 .bss.tskstk_btn
                0x20000790      0x400 ./application/main.o
                0x20000790                tskstk_btn
 .bss.tskid_btn
                0x20000b90        0x4 ./application/main.o
                0x20000b90                tskid_btn
 .bss.tskstk_led
                0x20000b94      0x400 ./application/main.o
                0x20000b94                tskstk_led
 .bss.tskid_led
                0x20000f94        0x4 ./application/main.o
                0x20000f94                tskid_led
 *(COMMON)
                0x20000f98                        . = ALIGN (0x4)
                0x20000f98                        __bss_end = .
                0x20000f98                        __end = .
OUTPUT(TryKernel.elf elf32-littlearm)
LOAD linker stubs

.debug_info     0x00000000     0x23a0
 .debug_info    0x00000000      0x17d ./kernel/context.o
 .debug_info    0x0000017d       0x24 ./kernel/dispatch.o
 .debug_info    0x000001a1      0x266 ./kernel/inittsk.o
 .debug_info    0x00000407      0x308 ./kernel/scheduler.o
 .debug_info    0x0000070f      0x160 ./kernel/syslib.o
 .debug_info    0x0000086f      0x2a1 ./kernel/systimer.o
 .debug_info    0x00000b10      0x47a ./kernel/task_manage.o
 .debug_info    0x00000f8a      0x2c5 ./kernel/task_queue.o
 .debug_info    0x0000124f      0x3e9 ./kernel/task_sync.o
 .debug_info    0x00001638       0x5d ./boot/boot2.o
 .debug_info    0x00001695      0x3f4 ./boot/reset_hdr.o
 .debug_info    0x00001a89       0xce ./boot/vector_tbl.o
 .debug_info    0x00001b57      0x398 ./application/main.o
 .debug_info    0x00001eef       0x3e C:/Users/10434/AppData/Roaming/xPacks/@xpack-dev-tools/arm-none-eabi-gcc/13.2.1-1.1.1/.content/bin/../lib/gcc/arm-none-eabi/13.2.1/thumb/v6-m/nofp\libgcc.a(_udivsi3.o)
 .debug_info    0x00001f2d       0x3c C:/Users/10434/AppData/Roaming/xPacks/@xpack-dev-tools/arm-none-eabi-gcc/13.2.1-1.1.1/.content/bin/../lib/gcc/arm-none-eabi/13.2.1/thumb/v6-m/nofp\libgcc.a(_dvmd_tls.o)
 .debug_info    0x00001f69       0x31 C:/Users/10434/AppData/Roaming/xPacks/@xpack-dev-tools/arm-none-eabi-gcc/13.2.1-1.1.1/.content/bin/../lib/gcc/arm-none-eabi/13.2.1/thumb/v6-m/nofp\libgcc.a(_aeabi_uldivmod.o)
 .debug_info    0x00001f9a      0x3b1 C:/Users/10434/AppData/Roaming/xPacks/@xpack-dev-tools/arm-none-eabi-gcc/13.2.1-1.1.1/.content/bin/../lib/gcc/arm-none-eabi/13.2.1/thumb/v6-m/nofp\libgcc.a(_udivmoddi4.o)
 .debug_info    0x0000234b       0x24 C:/Users/10434/AppData/Roaming/xPacks/@xpack-dev-tools/arm-none-eabi-gcc/13.2.1-1.1.1/.content/bin/../lib/gcc/arm-none-eabi/13.2.1/thumb/v6-m/nofp\libgcc.a(_clzdi2.o)
 .debug_info    0x0000236f       0x31 C:/Users/10434/AppData/Roaming/xPacks/@xpack-dev-tools/arm-none-eabi-gcc/13.2.1-1.1.1/.content/bin/../lib/gcc/arm-none-eabi/13.2.1/thumb/v6-m/nofp\libgcc.a(_clzsi2.o)

.debug_abbrev   0x00000000     0x10dd
 .debug_abbrev  0x00000000       0xfe ./kernel/context.o
 .debug_abbrev  0x000000fe       0x14 ./kernel/dispatch.o
 .debug_abbrev  0x00000112      0x144 ./kernel/inittsk.o
 .debug_abbrev  0x00000256      0x19f ./kernel/scheduler.o
 .debug_abbrev  0x000003f5       0xf7 ./kernel/syslib.o
 .debug_abbrev  0x000004ec      0x148 ./kernel/systimer.o
 .debug_abbrev  0x00000634      0x206 ./kernel/task_manage.o
 .debug_abbrev  0x0000083a      0x150 ./kernel/task_queue.o
 .debug_abbrev  0x0000098a      0x1a6 ./kernel/task_sync.o
 .debug_abbrev  0x00000b30       0x49 ./boot/boot2.o
 .debug_abbrev  0x00000b79      0x16d ./boot/reset_hdr.o
 .debug_abbrev  0x00000ce6       0x9b ./boot/vector_tbl.o
 .debug_abbrev  0x00000d81      0x18a ./application/main.o
 .debug_abbrev  0x00000f0b       0x28 C:/Users/10434/AppData/Roaming/xPacks/@xpack-dev-tools/arm-none-eabi-gcc/13.2.1-1.1.1/.content/bin/../lib/gcc/arm-none-eabi/13.2.1/thumb/v6-m/nofp\libgcc.a(_udivsi3.o)
 .debug_abbrev  0x00000f33       0x26 C:/Users/10434/AppData/Roaming/xPacks/@xpack-dev-tools/arm-none-eabi-gcc/13.2.1-1.1.1/.content/bin/../lib/gcc/arm-none-eabi/13.2.1/thumb/v6-m/nofp\libgcc.a(_dvmd_tls.o)
 .debug_abbrev  0x00000f59       0x28 C:/Users/10434/AppData/Roaming/xPacks/@xpack-dev-tools/arm-none-eabi-gcc/13.2.1-1.1.1/.content/bin/../lib/gcc/arm-none-eabi/13.2.1/thumb/v6-m/nofp\libgcc.a(_aeabi_uldivmod.o)
 .debug_abbrev  0x00000f81      0x120 C:/Users/10434/AppData/Roaming/xPacks/@xpack-dev-tools/arm-none-eabi-gcc/13.2.1-1.1.1/.content/bin/../lib/gcc/arm-none-eabi/13.2.1/thumb/v6-m/nofp\libgcc.a(_udivmoddi4.o)
 .debug_abbrev  0x000010a1       0x14 C:/Users/10434/AppData/Roaming/xPacks/@xpack-dev-tools/arm-none-eabi-gcc/13.2.1-1.1.1/.content/bin/../lib/gcc/arm-none-eabi/13.2.1/thumb/v6-m/nofp\libgcc.a(_clzdi2.o)
 .debug_abbrev  0x000010b5       0x28 C:/Users/10434/AppData/Roaming/xPacks/@xpack-dev-tools/arm-none-eabi-gcc/13.2.1-1.1.1/.content/bin/../lib/gcc/arm-none-eabi/13.2.1/thumb/v6-m/nofp\libgcc.a(_clzsi2.o)

.debug_aranges  0x00000000      0x358
 .debug_aranges
                0x00000000       0x20 ./kernel/context.o
 .debug_aranges
                0x00000020       0x20 ./kernel/dispatch.o
 .debug_aranges
                0x00000040       0x28 ./kernel/inittsk.o
 .debug_aranges
                0x00000068       0x30 ./kernel/scheduler.o
 .debug_aranges
                0x00000098       0x38 ./kernel/syslib.o
 .debug_aranges
                0x000000d0       0x20 ./kernel/systimer.o
 .debug_aranges
                0x000000f0       0x40 ./kernel/task_manage.o
 .debug_aranges
                0x00000130       0x30 ./kernel/task_queue.o
 .debug_aranges
                0x00000160       0x40 ./kernel/task_sync.o
 .debug_aranges
                0x000001a0       0x18 ./boot/boot2.o
 .debug_aranges
                0x000001b8       0x80 ./boot/reset_hdr.o
 .debug_aranges
                0x00000238       0x20 ./boot/vector_tbl.o
 .debug_aranges
                0x00000258       0x40 ./application/main.o
 .debug_aranges
                0x00000298       0x20 C:/Users/10434/AppData/Roaming/xPacks/@xpack-dev-tools/arm-none-eabi-gcc/13.2.1-1.1.1/.content/bin/../lib/gcc/arm-none-eabi/13.2.1/thumb/v6-m/nofp\libgcc.a(_udivsi3.o)
 .debug_aranges
                0x000002b8       0x20 C:/Users/10434/AppData/Roaming/xPacks/@xpack-dev-tools/arm-none-eabi-gcc/13.2.1-1.1.1/.content/bin/../lib/gcc/arm-none-eabi/13.2.1/thumb/v6-m/nofp\libgcc.a(_dvmd_tls.o)
 .debug_aranges
                0x000002d8       0x20 C:/Users/10434/AppData/Roaming/xPacks/@xpack-dev-tools/arm-none-eabi-gcc/13.2.1-1.1.1/.content/bin/../lib/gcc/arm-none-eabi/13.2.1/thumb/v6-m/nofp\libgcc.a(_aeabi_uldivmod.o)
 .debug_aranges
                0x000002f8       0x20 C:/Users/10434/AppData/Roaming/xPacks/@xpack-dev-tools/arm-none-eabi-gcc/13.2.1-1.1.1/.content/bin/../lib/gcc/arm-none-eabi/13.2.1/thumb/v6-m/nofp\libgcc.a(_udivmoddi4.o)
 .debug_aranges
                0x00000318       0x20 C:/Users/10434/AppData/Roaming/xPacks/@xpack-dev-tools/arm-none-eabi-gcc/13.2.1-1.1.1/.content/bin/../lib/gcc/arm-none-eabi/13.2.1/thumb/v6-m/nofp\libgcc.a(_clzdi2.o)
 .debug_aranges
                0x00000338       0x20 C:/Users/10434/AppData/Roaming/xPacks/@xpack-dev-tools/arm-none-eabi-gcc/13.2.1-1.1.1/.content/bin/../lib/gcc/arm-none-eabi/13.2.1/thumb/v6-m/nofp\libgcc.a(_clzsi2.o)

.debug_rnglists
                0x00000000      0x1b0
 .debug_rnglists
                0x00000000       0x13 ./kernel/context.o
 .debug_rnglists
                0x00000013       0x19 ./kernel/inittsk.o
 .debug_rnglists
                0x0000002c       0x1f ./kernel/scheduler.o
 .debug_rnglists
                0x0000004b       0x25 ./kernel/syslib.o
 .debug_rnglists
                0x00000070       0x14 ./kernel/systimer.o
 .debug_rnglists
                0x00000084       0x2d ./kernel/task_manage.o
 .debug_rnglists
                0x000000b1       0x1f ./kernel/task_queue.o
 .debug_rnglists
                0x000000d0       0x2e ./kernel/task_sync.o
 .debug_rnglists
                0x000000fe       0x5f ./boot/reset_hdr.o
 .debug_rnglists
                0x0000015d       0x13 ./boot/vector_tbl.o
 .debug_rnglists
                0x00000170       0x2c ./application/main.o
 .debug_rnglists
                0x0000019c       0x14 C:/Users/10434/AppData/Roaming/xPacks/@xpack-dev-tools/arm-none-eabi-gcc/13.2.1-1.1.1/.content/bin/../lib/gcc/arm-none-eabi/13.2.1/thumb/v6-m/nofp\libgcc.a(_udivmoddi4.o)

.debug_macro    0x00000000     0x1a0a
 .debug_macro   0x00000000       0x8d ./kernel/context.o
 .debug_macro   0x0000008d      0xa90 ./kernel/context.o
 .debug_macro   0x00000b1d       0x22 ./kernel/context.o
 .debug_macro   0x00000b3f       0x56 ./kernel/context.o
 .debug_macro   0x00000b95       0x51 ./kernel/context.o
 .debug_macro   0x00000be6      0x103 ./kernel/context.o
 .debug_macro   0x00000ce9       0x6a ./kernel/context.o
 .debug_macro   0x00000d53      0x1df ./kernel/context.o
 .debug_macro   0x00000f32       0x16 ./kernel/context.o
 .debug_macro   0x00000f48      0x2f9 ./kernel/context.o
 .debug_macro   0x00001241       0x28 ./kernel/context.o
 .debug_macro   0x00001269       0x16 ./kernel/context.o
 .debug_macro   0x0000127f       0xb0 ./kernel/inittsk.o
 .debug_macro   0x0000132f       0x16 ./kernel/inittsk.o
 .debug_macro   0x00001345       0x8e ./kernel/inittsk.o
 .debug_macro   0x000013d3       0x3a ./kernel/inittsk.o
 .debug_macro   0x0000140d       0xb0 ./kernel/scheduler.o
 .debug_macro   0x000014bd       0xb0 ./kernel/syslib.o
 .debug_macro   0x0000156d       0xb0 ./kernel/systimer.o
 .debug_macro   0x0000161d       0xb0 ./kernel/task_manage.o
 .debug_macro   0x000016cd       0xb0 ./kernel/task_queue.o
 .debug_macro   0x0000177d       0xb0 ./kernel/task_sync.o
 .debug_macro   0x0000182d       0x11 ./boot/boot2.o
 .debug_macro   0x0000183e       0x93 ./boot/reset_hdr.o
 .debug_macro   0x000018d1       0x8d ./boot/vector_tbl.o
 .debug_macro   0x0000195e       0xac ./application/main.o

.debug_line     0x00000000     0x2ef0
 .debug_line    0x00000000      0x304 ./kernel/context.o
 .debug_line    0x00000304       0x7b ./kernel/dispatch.o
 .debug_line    0x0000037f      0x344 ./kernel/inittsk.o
 .debug_line    0x000006c3      0x392 ./kernel/scheduler.o
 .debug_line    0x00000a55      0x39c ./kernel/syslib.o
 .debug_line    0x00000df1      0x36b ./kernel/systimer.o
 .debug_line    0x0000115c      0x47d ./kernel/task_manage.o
 .debug_line    0x000015d9      0x3bc ./kernel/task_queue.o
 .debug_line    0x00001995      0x484 ./kernel/task_sync.o
 .debug_line    0x00001e19       0x30 ./boot/boot2.o
 .debug_line    0x00001e49      0x63b ./boot/reset_hdr.o
 .debug_line    0x00002484      0x2ec ./boot/vector_tbl.o
 .debug_line    0x00002770      0x3e1 ./application/main.o
 .debug_line    0x00002b51       0x56 C:/Users/10434/AppData/Roaming/xPacks/@xpack-dev-tools/arm-none-eabi-gcc/13.2.1-1.1.1/.content/bin/../lib/gcc/arm-none-eabi/13.2.1/thumb/v6-m/nofp\libgcc.a(_udivsi3.o)
 .debug_line    0x00002ba7       0x4a C:/Users/10434/AppData/Roaming/xPacks/@xpack-dev-tools/arm-none-eabi-gcc/13.2.1-1.1.1/.content/bin/../lib/gcc/arm-none-eabi/13.2.1/thumb/v6-m/nofp\libgcc.a(_dvmd_tls.o)
 .debug_line    0x00002bf1       0x55 C:/Users/10434/AppData/Roaming/xPacks/@xpack-dev-tools/arm-none-eabi-gcc/13.2.1-1.1.1/.content/bin/../lib/gcc/arm-none-eabi/13.2.1/thumb/v6-m/nofp\libgcc.a(_aeabi_uldivmod.o)
 .debug_line    0x00002c46      0x1f8 C:/Users/10434/AppData/Roaming/xPacks/@xpack-dev-tools/arm-none-eabi-gcc/13.2.1-1.1.1/.content/bin/../lib/gcc/arm-none-eabi/13.2.1/thumb/v6-m/nofp\libgcc.a(_udivmoddi4.o)
 .debug_line    0x00002e3e       0x54 C:/Users/10434/AppData/Roaming/xPacks/@xpack-dev-tools/arm-none-eabi-gcc/13.2.1-1.1.1/.content/bin/../lib/gcc/arm-none-eabi/13.2.1/thumb/v6-m/nofp\libgcc.a(_clzdi2.o)
 .debug_line    0x00002e92       0x5e C:/Users/10434/AppData/Roaming/xPacks/@xpack-dev-tools/arm-none-eabi-gcc/13.2.1-1.1.1/.content/bin/../lib/gcc/arm-none-eabi/13.2.1/thumb/v6-m/nofp\libgcc.a(_clzsi2.o)

.debug_str      0x00000000     0x54e0
 .debug_str     0x00000000     0x54e0 ./kernel/context.o
                               0x47d7 (size before relaxing)
 .debug_str     0x000054e0       0x3b ./kernel/dispatch.o
 .debug_str     0x000054e0     0x4a4c ./kernel/inittsk.o
 .debug_str     0x000054e0     0x4a9d ./kernel/scheduler.o
 .debug_str     0x000054e0     0x49c1 ./kernel/syslib.o
 .debug_str     0x000054e0     0x4aa9 ./kernel/systimer.o
 .debug_str     0x000054e0     0x4b1f ./kernel/task_manage.o
 .debug_str     0x000054e0     0x4a9b ./kernel/task_queue.o
 .debug_str     0x000054e0     0x4b14 ./kernel/task_sync.o
 .debug_str     0x000054e0     0x2d2c ./boot/boot2.o
 .debug_str     0x000054e0     0x4926 ./boot/reset_hdr.o
 .debug_str     0x000054e0     0x47e5 ./boot/vector_tbl.o
 .debug_str     0x000054e0     0x4a98 ./application/main.o
 .debug_str     0x000054e0      0x13b C:/Users/10434/AppData/Roaming/xPacks/@xpack-dev-tools/arm-none-eabi-gcc/13.2.1-1.1.1/.content/bin/../lib/gcc/arm-none-eabi/13.2.1/thumb/v6-m/nofp\libgcc.a(_udivsi3.o)
 .debug_str     0x000054e0      0x13c C:/Users/10434/AppData/Roaming/xPacks/@xpack-dev-tools/arm-none-eabi-gcc/13.2.1-1.1.1/.content/bin/../lib/gcc/arm-none-eabi/13.2.1/thumb/v6-m/nofp\libgcc.a(_dvmd_tls.o)
 .debug_str     0x000054e0      0x131 C:/Users/10434/AppData/Roaming/xPacks/@xpack-dev-tools/arm-none-eabi-gcc/13.2.1-1.1.1/.content/bin/../lib/gcc/arm-none-eabi/13.2.1/thumb/v6-m/nofp\libgcc.a(_aeabi_uldivmod.o)
 .debug_str     0x000054e0      0x6f4 C:/Users/10434/AppData/Roaming/xPacks/@xpack-dev-tools/arm-none-eabi-gcc/13.2.1-1.1.1/.content/bin/../lib/gcc/arm-none-eabi/13.2.1/thumb/v6-m/nofp\libgcc.a(_udivmoddi4.o)
 .debug_str     0x000054e0      0x120 C:/Users/10434/AppData/Roaming/xPacks/@xpack-dev-tools/arm-none-eabi-gcc/13.2.1-1.1.1/.content/bin/../lib/gcc/arm-none-eabi/13.2.1/thumb/v6-m/nofp\libgcc.a(_clzdi2.o)
 .debug_str     0x000054e0      0x129 C:/Users/10434/AppData/Roaming/xPacks/@xpack-dev-tools/arm-none-eabi-gcc/13.2.1-1.1.1/.content/bin/../lib/gcc/arm-none-eabi/13.2.1/thumb/v6-m/nofp\libgcc.a(_clzsi2.o)

.comment        0x00000000       0x39
 .comment       0x00000000       0x39 ./kernel/context.o
                                 0x3a (size before relaxing)
 .comment       0x00000039       0x3a ./kernel/inittsk.o
 .comment       0x00000039       0x3a ./kernel/scheduler.o
 .comment       0x00000039       0x3a ./kernel/syslib.o
 .comment       0x00000039       0x3a ./kernel/systimer.o
 .comment       0x00000039       0x3a ./kernel/task_manage.o
 .comment       0x00000039       0x3a ./kernel/task_queue.o
 .comment       0x00000039       0x3a ./kernel/task_sync.o
 .comment       0x00000039       0x3a ./boot/boot2.o
 .comment       0x00000039       0x3a ./boot/reset_hdr.o
 .comment       0x00000039       0x3a ./boot/vector_tbl.o
 .comment       0x00000039       0x3a ./application/main.o
 .comment       0x00000039       0x3a C:/Users/10434/AppData/Roaming/xPacks/@xpack-dev-tools/arm-none-eabi-gcc/13.2.1-1.1.1/.content/bin/../lib/gcc/arm-none-eabi/13.2.1/thumb/v6-m/nofp\libgcc.a(_udivmoddi4.o)

.ARM.attributes
                0x00000000       0x2a
 .ARM.attributes
                0x00000000       0x2c ./kernel/context.o
 .ARM.attributes
                0x0000002c       0x1c ./kernel/dispatch.o
 .ARM.attributes
                0x00000048       0x2c ./kernel/inittsk.o
 .ARM.attributes
                0x00000074       0x2c ./kernel/scheduler.o
 .ARM.attributes
                0x000000a0       0x2c ./kernel/syslib.o
 .ARM.attributes
                0x000000cc       0x2c ./kernel/systimer.o
 .ARM.attributes
                0x000000f8       0x2c ./kernel/task_manage.o
 .ARM.attributes
                0x00000124       0x2c ./kernel/task_queue.o
 .ARM.attributes
                0x00000150       0x2c ./kernel/task_sync.o
 .ARM.attributes
                0x0000017c       0x2c ./boot/boot2.o
 .ARM.attributes
                0x000001a8       0x2c ./boot/reset_hdr.o
 .ARM.attributes
                0x000001d4       0x2c ./boot/vector_tbl.o
 .ARM.attributes
                0x00000200       0x2c ./application/main.o
 .ARM.attributes
                0x0000022c       0x1e C:/Users/10434/AppData/Roaming/xPacks/@xpack-dev-tools/arm-none-eabi-gcc/13.2.1-1.1.1/.content/bin/../lib/gcc/arm-none-eabi/13.2.1/thumb/v6-m/nofp\libgcc.a(_udivsi3.o)
 .ARM.attributes
                0x0000024a       0x1e C:/Users/10434/AppData/Roaming/xPacks/@xpack-dev-tools/arm-none-eabi-gcc/13.2.1-1.1.1/.content/bin/../lib/gcc/arm-none-eabi/13.2.1/thumb/v6-m/nofp\libgcc.a(_dvmd_tls.o)
 .ARM.attributes
                0x00000268       0x1e C:/Users/10434/AppData/Roaming/xPacks/@xpack-dev-tools/arm-none-eabi-gcc/13.2.1-1.1.1/.content/bin/../lib/gcc/arm-none-eabi/13.2.1/thumb/v6-m/nofp\libgcc.a(_aeabi_uldivmod.o)
 .ARM.attributes
                0x00000286       0x2c C:/Users/10434/AppData/Roaming/xPacks/@xpack-dev-tools/arm-none-eabi-gcc/13.2.1-1.1.1/.content/bin/../lib/gcc/arm-none-eabi/13.2.1/thumb/v6-m/nofp\libgcc.a(_udivmoddi4.o)
 .ARM.attributes
                0x000002b2       0x1e C:/Users/10434/AppData/Roaming/xPacks/@xpack-dev-tools/arm-none-eabi-gcc/13.2.1-1.1.1/.content/bin/../lib/gcc/arm-none-eabi/13.2.1/thumb/v6-m/nofp\libgcc.a(_clzdi2.o)
 .ARM.attributes
                0x000002d0       0x1e C:/Users/10434/AppData/Roaming/xPacks/@xpack-dev-tools/arm-none-eabi-gcc/13.2.1-1.1.1/.content/bin/../lib/gcc/arm-none-eabi/13.2.1/thumb/v6-m/nofp\libgcc.a(_clzsi2.o)

.debug_frame    0x00000000      0x654
 .debug_frame   0x00000000       0x30 ./kernel/context.o
 .debug_frame   0x00000030       0x4c ./kernel/inittsk.o
 .debug_frame   0x0000007c       0x6c ./kernel/scheduler.o
 .debug_frame   0x000000e8       0x8c ./kernel/syslib.o
 .debug_frame   0x00000174       0x30 ./kernel/systimer.o
 .debug_frame   0x000001a4       0xb0 ./kernel/task_manage.o
 .debug_frame   0x00000254       0x70 ./kernel/task_queue.o
 .debug_frame   0x000002c4       0xb0 ./kernel/task_sync.o
 .debug_frame   0x00000374      0x1ac ./boot/reset_hdr.o
 .debug_frame   0x00000520       0x2c ./boot/vector_tbl.o
 .debug_frame   0x0000054c       0xac ./application/main.o
 .debug_frame   0x000005f8       0x20 C:/Users/10434/AppData/Roaming/xPacks/@xpack-dev-tools/arm-none-eabi-gcc/13.2.1-1.1.1/.content/bin/../lib/gcc/arm-none-eabi/13.2.1/thumb/v6-m/nofp\libgcc.a(_udivsi3.o)
 .debug_frame   0x00000618       0x3c C:/Users/10434/AppData/Roaming/xPacks/@xpack-dev-tools/arm-none-eabi-gcc/13.2.1-1.1.1/.content/bin/../lib/gcc/arm-none-eabi/13.2.1/thumb/v6-m/nofp\libgcc.a(_udivmoddi4.o)

.debug_line_str
                0x00000000      0x14b
 .debug_line_str
                0x00000000      0x14b ./kernel/dispatch.o
                                 0x2d (size before relaxing)
 .debug_line_str
                0x0000014b      0x112 C:/Users/10434/AppData/Roaming/xPacks/@xpack-dev-tools/arm-none-eabi-gcc/13.2.1-1.1.1/.content/bin/../lib/gcc/arm-none-eabi/13.2.1/thumb/v6-m/nofp\libgcc.a(_udivsi3.o)
 .debug_line_str
                0x0000014b      0x112 C:/Users/10434/AppData/Roaming/xPacks/@xpack-dev-tools/arm-none-eabi-gcc/13.2.1-1.1.1/.content/bin/../lib/gcc/arm-none-eabi/13.2.1/thumb/v6-m/nofp\libgcc.a(_dvmd_tls.o)
 .debug_line_str
                0x0000014b      0x112 C:/Users/10434/AppData/Roaming/xPacks/@xpack-dev-tools/arm-none-eabi-gcc/13.2.1-1.1.1/.content/bin/../lib/gcc/arm-none-eabi/13.2.1/thumb/v6-m/nofp\libgcc.a(_aeabi_uldivmod.o)
 .debug_line_str
                0x0000014b      0x112 C:/Users/10434/AppData/Roaming/xPacks/@xpack-dev-tools/arm-none-eabi-gcc/13.2.1-1.1.1/.content/bin/../lib/gcc/arm-none-eabi/13.2.1/thumb/v6-m/nofp\libgcc.a(_clzdi2.o)
 .debug_line_str
                0x0000014b      0x112 C:/Users/10434/AppData/Roaming/xPacks/@xpack-dev-tools/arm-none-eabi-gcc/13.2.1-1.1.1/.content/bin/../lib/gcc/arm-none-eabi/13.2.1/thumb/v6-m/nofp\libgcc.a(_clzsi2.o)

.debug_loclists
                0x00000000      0x2b8
 .debug_loclists
                0x00000000      0x2b8 C:/Users/10434/AppData/Roaming/xPacks/@xpack-dev-tools/arm-none-eabi-gcc/13.2.1-1.1.1/.content/bin/../lib/gcc/arm-none-eabi/13.2.1/thumb/v6-m/nofp\libgcc.a(_udivmoddi4.o)
